Archive member included to satisfy reference by file (symbol)

d:/program files (x86)/7.0/toolchain/arm/arm-gnu-toolchain/bin/../lib/gcc/arm-none-eabi/6.3.1/../../../../arm-none-eabi/lib/thumb/v7e-m\libc.a(lib_a-assert.o)
                              board_cortex7_init.o (__assert_func)
d:/program files (x86)/7.0/toolchain/arm/arm-gnu-toolchain/bin/../lib/gcc/arm-none-eabi/6.3.1/../../../../arm-none-eabi/lib/thumb/v7e-m\libc.a(lib_a-exit.o)
                              d:/program files (x86)/7.0/toolchain/arm/arm-gnu-toolchain/bin/../lib/gcc/arm-none-eabi/6.3.1/../../../../arm-none-eabi/lib/thumb/v7e-m/crt0.o (exit)
d:/program files (x86)/7.0/toolchain/arm/arm-gnu-toolchain/bin/../lib/gcc/arm-none-eabi/6.3.1/../../../../arm-none-eabi/lib/thumb/v7e-m\libc.a(lib_a-fiprintf.o)
                              d:/program files (x86)/7.0/toolchain/arm/arm-gnu-toolchain/bin/../lib/gcc/arm-none-eabi/6.3.1/../../../../arm-none-eabi/lib/thumb/v7e-m\libc.a(lib_a-assert.o) (fiprintf)
d:/program files (x86)/7.0/toolchain/arm/arm-gnu-toolchain/bin/../lib/gcc/arm-none-eabi/6.3.1/../../../../arm-none-eabi/lib/thumb/v7e-m\libc.a(lib_a-impure.o)
                              d:/program files (x86)/7.0/toolchain/arm/arm-gnu-toolchain/bin/../lib/gcc/arm-none-eabi/6.3.1/../../../../arm-none-eabi/lib/thumb/v7e-m\libc.a(lib_a-exit.o) (_global_impure_ptr)
d:/program files (x86)/7.0/toolchain/arm/arm-gnu-toolchain/bin/../lib/gcc/arm-none-eabi/6.3.1/../../../../arm-none-eabi/lib/thumb/v7e-m\libc.a(lib_a-init.o)
                              d:/program files (x86)/7.0/toolchain/arm/arm-gnu-toolchain/bin/../lib/gcc/arm-none-eabi/6.3.1/../../../../arm-none-eabi/lib/thumb/v7e-m/crt0.o (__libc_init_array)
d:/program files (x86)/7.0/toolchain/arm/arm-gnu-toolchain/bin/../lib/gcc/arm-none-eabi/6.3.1/../../../../arm-none-eabi/lib/thumb/v7e-m\libc.a(lib_a-memset.o)
                              d:/program files (x86)/7.0/toolchain/arm/arm-gnu-toolchain/bin/../lib/gcc/arm-none-eabi/6.3.1/../../../../arm-none-eabi/lib/thumb/v7e-m/crt0.o (memset)
d:/program files (x86)/7.0/toolchain/arm/arm-gnu-toolchain/bin/../lib/gcc/arm-none-eabi/6.3.1/../../../../arm-none-eabi/lib/thumb/v7e-m\libc.a(lib_a-printf.o)
                              board_cortex7_init.o (printf)
d:/program files (x86)/7.0/toolchain/arm/arm-gnu-toolchain/bin/../lib/gcc/arm-none-eabi/6.3.1/../../../../arm-none-eabi/lib/thumb/v7e-m\libc.a(lib_a-puts.o)
                              board_cortex7_init.o (puts)
d:/program files (x86)/7.0/toolchain/arm/arm-gnu-toolchain/bin/../lib/gcc/arm-none-eabi/6.3.1/../../../../arm-none-eabi/lib/thumb/v7e-m\libc.a(lib_a-reent.o)
                              Common/syscalls.o (errno)
d:/program files (x86)/7.0/toolchain/arm/arm-gnu-toolchain/bin/../lib/gcc/arm-none-eabi/6.3.1/../../../../arm-none-eabi/lib/thumb/v7e-m\libc.a(lib_a-sprintf.o)
                              Device_Startup/startup_same70q21.o (sprintf)
d:/program files (x86)/7.0/toolchain/arm/arm-gnu-toolchain/bin/../lib/gcc/arm-none-eabi/6.3.1/../../../../arm-none-eabi/lib/thumb/v7e-m\libc.a(lib_a-strlen.o)
                              d:/program files (x86)/7.0/toolchain/arm/arm-gnu-toolchain/bin/../lib/gcc/arm-none-eabi/6.3.1/../../../../arm-none-eabi/lib/thumb/v7e-m\libc.a(lib_a-puts.o) (strlen)
d:/program files (x86)/7.0/toolchain/arm/arm-gnu-toolchain/bin/../lib/gcc/arm-none-eabi/6.3.1/../../../../arm-none-eabi/lib/thumb/v7e-m\libc.a(lib_a-svfprintf.o)
                              d:/program files (x86)/7.0/toolchain/arm/arm-gnu-toolchain/bin/../lib/gcc/arm-none-eabi/6.3.1/../../../../arm-none-eabi/lib/thumb/v7e-m\libc.a(lib_a-sprintf.o) (_svfprintf_r)
d:/program files (x86)/7.0/toolchain/arm/arm-gnu-toolchain/bin/../lib/gcc/arm-none-eabi/6.3.1/../../../../arm-none-eabi/lib/thumb/v7e-m\libc.a(lib_a-vfiprintf.o)
                              d:/program files (x86)/7.0/toolchain/arm/arm-gnu-toolchain/bin/../lib/gcc/arm-none-eabi/6.3.1/../../../../arm-none-eabi/lib/thumb/v7e-m\libc.a(lib_a-fiprintf.o) (_vfiprintf_r)
d:/program files (x86)/7.0/toolchain/arm/arm-gnu-toolchain/bin/../lib/gcc/arm-none-eabi/6.3.1/../../../../arm-none-eabi/lib/thumb/v7e-m\libc.a(lib_a-vfprintf.o)
                              d:/program files (x86)/7.0/toolchain/arm/arm-gnu-toolchain/bin/../lib/gcc/arm-none-eabi/6.3.1/../../../../arm-none-eabi/lib/thumb/v7e-m\libc.a(lib_a-printf.o) (_vfprintf_r)
d:/program files (x86)/7.0/toolchain/arm/arm-gnu-toolchain/bin/../lib/gcc/arm-none-eabi/6.3.1/../../../../arm-none-eabi/lib/thumb/v7e-m\libc.a(lib_a-wsetup.o)
                              d:/program files (x86)/7.0/toolchain/arm/arm-gnu-toolchain/bin/../lib/gcc/arm-none-eabi/6.3.1/../../../../arm-none-eabi/lib/thumb/v7e-m\libc.a(lib_a-vfiprintf.o) (__swsetup_r)
d:/program files (x86)/7.0/toolchain/arm/arm-gnu-toolchain/bin/../lib/gcc/arm-none-eabi/6.3.1/../../../../arm-none-eabi/lib/thumb/v7e-m\libc.a(lib_a-__call_atexit.o)
[...]
Memory Configuration

Name             Origin             Length             Attributes
rom              0x00400000         0x00200000         xr
ram              0x20400000         0x00040000         xrw
*default*        0x00000000         0xffffffff

Linker script and memory map

LOAD d:/program files (x86)/7.0/toolchain/arm/arm-gnu-toolchain/bin/../lib/gcc/arm-none-eabi/6.3.1/thumb/v7e-m/crti.o
LOAD d:/program files (x86)/7.0/toolchain/arm/arm-gnu-toolchain/bin/../lib/gcc/arm-none-eabi/6.3.1/thumb/v7e-m/crtbegin.o
LOAD d:/program files (x86)/7.0/toolchain/arm/arm-gnu-toolchain/bin/../lib/gcc/arm-none-eabi/6.3.1/../../../../arm-none-eabi/lib/thumb/v7e-m/crt0.o
LOAD board_cortex7_init.o
LOAD Common/string.o
LOAD Common/syscalls.o
LOAD dbgu.o
LOAD Device_Startup/startup_same70q21.o
LOAD Device_Startup/system_same70q21.o
LOAD fifo.o
LOAD main.o
LOAD mpu.o
LOAD xdmac.o
START GROUP
LOAD d:/program files (x86)/7.0/toolchain/arm/arm-gnu-toolchain/bin/../lib/gcc/arm-none-eabi/6.3.1/../../../../arm-none-eabi/lib/thumb/v7e-m\libm.a
END GROUP
START GROUP
LOAD d:/program files (x86)/7.0/toolchain/arm/arm-gnu-toolchain/bin/../lib/gcc/arm-none-eabi/6.3.1/thumb/v7e-m\libgcc.a
LOAD d:/program files (x86)/7.0/toolchain/arm/arm-gnu-toolchain/bin/../lib/gcc/arm-none-eabi/6.3.1/../../../../arm-none-eabi/lib/thumb/v7e-m\libc.a
END GROUP
LOAD d:/program files (x86)/7.0/toolchain/arm/arm-gnu-toolchain/bin/../lib/gcc/arm-none-eabi/6.3.1/thumb/v7e-m/crtend.o
LOAD d:/program files (x86)/7.0/toolchain/arm/arm-gnu-toolchain/bin/../lib/gcc/arm-none-eabi/6.3.1/thumb/v7e-m/crtn.o
                0x00020000                STACK_SIZE = DEFINED (STACK_SIZE)?STACK_SIZE:DEFINED (__stack_size__)?__stack_size__:0x20000
                0x00008000                HEAP_SIZE = DEFINED (HEAP_SIZE)?HEAP_SIZE:DEFINED (__heap_size__)?__heap_size__:0x8000

.text           0x00400000     0x8d94
                0x00400000                . = ALIGN (0x4)
                0x00400000                _sfixed = .
 *(.vectors .vectors.*)
 .vectors       0x00400000      0x140 Device_Startup/startup_same70q21.o
                0x00400000                exception_table
 *(.text .text.* .gnu.linkonce.t.*)
 .text          0x00400140       0x6c d:/program files (x86)/7.0/toolchain/arm/arm-gnu-toolchain/bin/../lib/gcc/arm-none-eabi/6.3.1/thumb/v7e-m/crtbegin.o
 .text.ATSAME70_PIO_CfgOutput
                0x004001ac       0x20 board_cortex7_init.o
 .text.ATSAME70_PIO_CfgInput
                0x004001cc       0x20 board_cortex7_init.o
 .text.ATSAME70_PIO_SetOutput
                0x004001ec       0x1a board_cortex7_init.o
 .text.ATSAME70_PIO_Pulldown_Disable
                0x00400206       0x1c board_cortex7_init.o
 .text.ATSAME70_PIO_Pullup_Enable
                0x00400222       0x1a board_cortex7_init.o
 .text.ATSAME70_PIO_Pullup_Disable
                0x0040023c       0x1a board_cortex7_init.o
 .text.ATSAME70_PIO_Slow_Clock_Divider
                0x00400256       0x1c board_cortex7_init.o
 .text.ATSAME70_PIO_Slow_Clock_Enable
                0x00400272       0x1c board_cortex7_init.o
 .text.ATSAME70_PIO_Input_Filter_Enable
                0x0040028e       0x1a board_cortex7_init.o
 .text.ATSAME70_PIO_Edge_Select
                0x004002a8       0x1c board_cortex7_init.o
 .text.ATSAME70_PIO_Falling_Edge_Low_level_Select
                0x004002c4       0x1c board_cortex7_init.o
 .text.ATSAME70_PIO_CfgPeriph
                0x004002e0       0xac board_cortex7_init.o
                0x004002e0                ATSAME70_PIO_CfgPeriph
 .text.board_init
                0x0040038c      0x5ec board_cortex7_init.o
                0x0040038c                board_init
 .text.soft_reset
                0x00400978       0x48 board_cortex7_init.o
                0x00400978                soft_reset
 .text.delay20ns
                0x004009c0       0x3a board_cortex7_init.o
                0x004009c0                delay20ns
 *fill*         0x004009fa        0x2 
 .text.delayus  0x004009fc       0x3c board_cortex7_init.o
                0x004009fc                delayus
 .text.delayms  0x00400a38       0x34 board_cortex7_init.o
                0x00400a38                delayms
 .text.PMC_EnablePeripheral
                0x00400a6c       0x74 board_cortex7_init.o
                0x00400a6c                PMC_EnablePeripheral
 .text.SystemClkInit
                0x00400ae0       0xc0 board_cortex7_init.o
                0x00400ae0                SystemClkInit
 .text.reset_cycle_cnt
                0x00400ba0       0x34 board_cortex7_init.o
                0x00400ba0                reset_cycle_cnt
 .text.start_cycle_cnt
                0x00400bd4       0x1c board_cortex7_init.o
                0x00400bd4                start_cycle_cnt
 .text.stop_cycle_cnt
                0x00400bf0       0x1c board_cortex7_init.o
                0x00400bf0                stop_cycle_cnt
 .text.get_cycle_cnt
                0x00400c0c       0x14 board_cortex7_init.o
                0x00400c0c                get_cycle_cnt
 .text.dwt_access_enable
                0x00400c20       0x6c board_cortex7_init.o
                0x00400c20                dwt_access_enable
 .text.calibrate_delayus
                0x00400c8c       0xb4 board_cortex7_init.o
                0x00400c8c                calibrate_delayus
 .text._read_r  0x00400d40       0x24 Common/syscalls.o
                0x00400d40                _read_r
 .text._write_r
                0x00400d64       0x48 Common/syscalls.o
                0x00400d64                _write_r
 .text._close_r
                0x00400dac       0x16 Common/syscalls.o
                0x00400dac                _close_r
 .text._lseek_r
                0x00400dc2       0x1a Common/syscalls.o
                0x00400dc2                _lseek_r
 .text._fstat_r
                0x00400ddc       0x20 Common/syscalls.o
                0x00400ddc                _fstat_r
 .text._isatty  0x00400dfc       0x14 Common/syscalls.o
                0x00400dfc                _isatty
 .text.check_sdram
                0x00400e10       0x4c Common/syscalls.o
                0x00400e10                check_sdram
 .text._sbrk_r  0x00400e5c       0x98 Common/syscalls.o
                0x00400e5c                _sbrk_r
 .text.UART_SetBaudrate
                0x00400ef4       0xc8 dbgu.o
                0x00400ef4                UART_SetBaudrate
 .text.UART_Configure
                0x00400fbc       0x4c dbgu.o
                0x00400fbc                UART_Configure
 .text.ATSAME70_UART_RxReady
                0x00401008       0x1a dbgu.o
                0x00401008                ATSAME70_UART_RxReady
 *fill*         0x00401022        0x2 
 .text.dbgu_uart_init
                0x00401024       0x6c dbgu.o
                0x00401024                dbgu_uart_init
 .text.dbgu_disable
                0x00401090       0x24 dbgu.o
                0x00401090                dbgu_disable
 .text.UART_PutChar
                0x004010b4       0x3c dbgu.o
                0x004010b4                UART_PutChar
 .text.uart_clear_tx_buffer
                0x004010f0       0x20 dbgu.o
                0x004010f0                uart_clear_tx_buffer
 .text.dbgu_getc
                0x00401110       0x3c dbgu.o
                0x00401110                dbgu_getc
 .text.UART_GetChar
                0x0040114c       0x26 dbgu.o
                0x0040114c                UART_GetChar
 *fill*         0x00401172        0x2 
 .text.dbgu_puts
                0x00401174       0x34 dbgu.o
                0x00401174                dbgu_puts
 .text.dbgu_clear
                0x004011a8       0x30 dbgu.o
                0x004011a8                dbgu_clear
 .text.ATSAME70_PIO_CfgOutput
                0x004011d8       0x20 Device_Startup/startup_same70q21.o
 .text.ATSAME70_PIO_SetOutput
                0x004011f8       0x1a Device_Startup/startup_same70q21.o
 .text.ATSAME70_PIO_ClearOutput
                0x00401212       0x1a Device_Startup/startup_same70q21.o
 .text.fpu_enable
                0x0040122c       0x24 Device_Startup/startup_same70q21.o
 .text.Reset_Handler
                0x00401250       0x8c Device_Startup/startup_same70q21.o
                0x00401250                Reset_Handler
 .text.Dummy_Handler
                0x004012dc       0xdc Device_Startup/startup_same70q21.o
                0x004012dc                DACC_Handler
                0x004012dc                DebugMon_Handler
                0x004012dc                UART3_Handler
                0x004012dc                UART2_Handler
                0x004012dc                TRNG_Handler
                0x004012dc                TC2_Handler
                0x004012dc                SysTick_Handler
                0x004012dc                AFEC1_Handler
                0x004012dc                PendSV_Handler
                0x004012dc                NMI_Handler
                0x004012dc                TC7_Handler
                0x004012dc                QSPI_Handler
                0x004012dc                ISI_Handler
                0x004012dc                TC9_Handler
                0x004012dc                RSWDT_Handler
                0x004012dc                MCAN1_Handler
                0x004012dc                USART0_Handler
                0x004012dc                RTT_Handler
                0x004012dc                USBHS_Handler
                0x004012dc                PIOB_Handler
                0x004012dc                RTC_Handler
                0x004012dc                UsageFault_Handler
                0x004012dc                TC6_Handler
                0x004012dc                WDT_Handler
                0x004012dc                TC4_Handler
                0x004012dc                TC1_Handler
                0x004012dc                HSMCI_Handler
                0x004012dc                UART1_Handler
                0x004012dc                TC3_Handler
                0x004012dc                Dummy_Handler
                0x004012dc                TWIHS1_Handler
                0x004012dc                XDMAC_Handler
                0x004012dc                UART4_Handler
                0x004012dc                PWM1_Handler
                0x004012dc                USART1_Handler
                0x004012dc                PWM0_Handler
                0x004012dc                PIOA_Handler
                0x004012dc                AFEC0_Handler
                0x004012dc                TC11_Handler
                0x004012dc                SSC_Handler
                0x004012dc                ACC_Handler
                0x004012dc                PMC_Handler
                0x004012dc                GMAC_Handler
                0x004012dc                MemManage_Handler
                0x004012dc                SUPC_Handler
                0x004012dc                SVC_Handler
                0x004012dc                TC8_Handler
                0x004012dc                EFC_Handler
                0x004012dc                USART2_Handler
                0x004012dc                SDRAMC_Handler
                0x004012dc                PIOE_Handler
                0x004012dc                SPI1_Handler
                0x004012dc                MCAN0_Handler
                0x004012dc                TC10_Handler
                0x004012dc                PIOD_Handler
                0x004012dc                TWIHS2_Handler
                0x004012dc                UART0_Handler
                0x004012dc                PIOC_Handler
                0x004012dc                BusFault_Handler
                0x004012dc                RSTC_Handler
                0x004012dc                TC0_Handler
                0x004012dc                TC5_Handler
                0x004012dc                AES_Handler
                0x004012dc                ICM_Handler
                0x004012dc                TWIHS0_Handler
                0x004012dc                SPI0_Handler
 .text.HardFault_Handler
                0x004013b8      0x308 Device_Startup/startup_same70q21.o
                0x004013b8                HardFault_Handler
 .text.SystemInit
                0x004016c0       0x1c Device_Startup/system_same70q21.o
                0x004016c0                SystemInit
 .text.SCB_EnableICache
                0x004016dc       0x34 main.o
 .text.SCB_InvalidateICache
                0x00401710       0x28 main.o
 .text.SCB_DisableDCache
                0x00401738       0xa0 main.o
 .text.SCB_InvalidateDCache
                0x004017d8       0x94 main.o
 .text.ATSAME70_PIO_SetOutput
                0x0040186c       0x1a main.o
 .text.ATSAME70_PIO_ClearOutput
                0x00401886       0x1a main.o
 .text.WDT_Disable
                0x004018a0       0x1a main.o
                0x004018a0                WDT_Disable
 *fill*         0x004018ba        0x2 
 .text.led0_on  0x004018bc       0x1c main.o
                0x004018bc                led0_on
 .text.led0_off
                0x004018d8       0x1c main.o
                0x004018d8                led0_off
 .text.sdram_data_init
                0x004018f4       0xcc main.o
                0x004018f4                sdram_data_init
 .text.main     0x004019c0      0x17c main.o
                0x004019c0                main
 .text.MPU_Enable
                0x00401b3c       0x1c mpu.o
                0x00401b3c                MPU_Enable
 .text.MPU_SetRegionNum
                0x00401b58       0x1c mpu.o
                0x00401b58                MPU_SetRegionNum
 .text.MPU_DisableRegion
                0x00401b74       0x1c mpu.o
                0x00401b74                MPU_DisableRegion
 .text.MPU_SetRegion
                0x00401b90       0x24 mpu.o
                0x00401b90                MPU_SetRegion
 .text.MPU_UpdateRegions
                0x00401bb4       0x48 mpu.o
                0x00401bb4                MPU_UpdateRegions
 .text.MPU_Configure
                0x00401bfc       0x28 mpu.o
                0x00401bfc                MPU_Configure
 .text.__libc_init_array
                0x00401c24       0x50 d:/program files (x86)/7.0/toolchain/arm/arm-gnu-toolchain/bin/../lib/gcc/arm-none-eabi/6.3.1/../../../../arm-none-eabi/lib/thumb/v7e-m\libc.a(lib_a-init.o)
                0x00401c24                __libc_init_array
 .text.memset   0x00401c74       0x9c d:/program files (x86)/7.0/toolchain/arm/arm-gnu-toolchain/bin/../lib/gcc/arm-none-eabi/6.3.1/../../../../arm-none-eabi/lib/thumb/v7e-m\libc.a(lib_a-memset.o)
                0x00401c74                memset
 .text.printf   0x00401d10       0x28 d:/program files (x86)/7.0/toolchain/arm/arm-gnu-toolchain/bin/../lib/gcc/arm-none-eabi/6.3.1/../../../../arm-none-eabi/lib/thumb/v7e-m\libc.a(lib_a-printf.o)
                0x00401d10                printf
 .text.sprintf  0x00401d38       0x4c d:/program files (x86)/7.0/toolchain/arm/arm-gnu-toolchain/bin/../lib/gcc/arm-none-eabi/6.3.1/../../../../arm-none-eabi/lib/thumb/v7e-m\libc.a(lib_a-sprintf.o)
                0x00401d38                sprintf
 *fill*         0x00401d84       0x3c 
 .text          0x00401dc0       0xdc d:/program files (x86)/7.0/toolchain/arm/arm-gnu-toolchain/bin/../lib/gcc/arm-none-eabi/6.3.1/../../../../arm-none-eabi/lib/thumb/v7e-m\libc.a(lib_a-strlen.o)
                0x00401dc0                strlen
 .text._svfprintf_r
                0x00401e9c     0x145c d:/program files (x86)/7.0/toolchain/arm/arm-gnu-toolchain/bin/../lib/gcc/arm-none-eabi/6.3.1/../../../../arm-none-eabi/lib/thumb/v7e-m\libc.a(lib_a-svfprintf.o)
                0x00401e9c                _svfprintf_r
 .text.__sprint_r.part.0
                0x004032f8       0x80 d:/program files (x86)/7.0/toolchain/arm/arm-gnu-toolchain/bin/../lib/gcc/arm-none-eabi/6.3.1/../../../../arm-none-eabi/lib/thumb/v7e-m\libc.a(lib_a-vfiprintf.o)
 .text.__sprint_r
                0x00403378       0x14 d:/program files (x86)/7.0/toolchain/arm/arm-gnu-toolchain/bin/../lib/gcc/arm-none-eabi/6.3.1/../../../../arm-none-eabi/lib/thumb/v7e-m\libc.a(lib_a-vfiprintf.o)
                0x00403378                __sprint_r
 .text._vfprintf_r
                0x0040338c     0x1558 d:/program files (x86)/7.0/toolchain/arm/arm-gnu-toolchain/bin/../lib/gcc/arm-none-eabi/6.3.1/../../../../arm-none-eabi/lib/thumb/v7e-m\libc.a(lib_a-vfprintf.o)
                0x0040338c                _vfprintf_r
 .text.__sbprintf
                0x004048e4       0x84 d:/program files (x86)/7.0/toolchain/arm/arm-gnu-toolchain/bin/../lib/gcc/arm-none-eabi/6.3.1/../../../../arm-none-eabi/lib/thumb/v7e-m\libc.a(lib_a-vfprintf.o)
 .text.__swsetup_r
                0x00404968       0xc8 d:/program files (x86)/7.0/toolchain/arm/arm-gnu-toolchain/bin/../lib/gcc/arm-none-eabi/6.3.1/../../../../arm-none-eabi/lib/thumb/v7e-m\libc.a(lib_a-wsetup.o)
                0x00404968                __swsetup_r
 .text.startup.register_fini
                0x00404a30       0x14 d:/program files (x86)/7.0/toolchain/arm/arm-gnu-toolchain/bin/../lib/gcc/arm-none-eabi/6.3.1/../../../../arm-none-eabi/lib/thumb/v7e-m\libc.a(lib_a-__call_atexit.o)
 .text.atexit   0x00404a44        0xc d:/program files (x86)/7.0/toolchain/arm/arm-gnu-toolchain/bin/../lib/gcc/arm-none-eabi/6.3.1/../../../../arm-none-eabi/lib/thumb/v7e-m\libc.a(lib_a-atexit.o)
                0x00404a44                atexit
 .text.quorem   0x00404a50      0x128 d:/program files (x86)/7.0/toolchain/arm/arm-gnu-toolchain/bin/../lib/gcc/arm-none-eabi/6.3.1/../../../../arm-none-eabi/lib/thumb/v7e-m\libc.a(lib_a-dtoa.o)
 .text._dtoa_r  0x00404b78      0xe54 d:/program files (x86)/7.0/toolchain/arm/arm-gnu-toolchain/bin/../lib/gcc/arm-none-eabi/6.3.1/../../../../arm-none-eabi/lib/thumb/v7e-m\libc.a(lib_a-dtoa.o)
                0x00404b78                _dtoa_r
 .text.__sflush_r
                0x004059cc      0x140 d:/program files (x86)/7.0/toolchain/arm/arm-gnu-toolchain/bin/../lib/gcc/arm-none-eabi/6.3.1/../../../../arm-none-eabi/lib/thumb/v7e-m\libc.a(lib_a-fflush.o)
                0x004059cc                __sflush_r
 .text._fflush_r
                0x00405b0c       0x54 d:/program files (x86)/7.0/toolchain/arm/arm-gnu-toolchain/bin/../lib/gcc/arm-none-eabi/6.3.1/../../../../arm-none-eabi/lib/thumb/v7e-m\libc.a(lib_a-fflush.o)
                0x00405b0c                _fflush_r
 .text._cleanup_r
                0x00405b60        0xc d:/program files (x86)/7.0/toolchain/arm/arm-gnu-toolchain/bin/../lib/gcc/arm-none-eabi/6.3.1/../../../../arm-none-eabi/lib/thumb/v7e-m\libc.a(lib_a-findfp.o)
                0x00405b60                _cleanup_r
 .text.std.isra.0
                0x00405b6c       0x50 d:/program files (x86)/7.0/toolchain/arm/arm-gnu-toolchain/bin/../lib/gcc/arm-none-eabi/6.3.1/../../../../arm-none-eabi/lib/thumb/v7e-m\libc.a(lib_a-findfp.o)
 .text.__sinit  0x00405bbc       0x58 d:/program files (x86)/7.0/toolchain/arm/arm-gnu-toolchain/bin/../lib/gcc/arm-none-eabi/6.3.1/../../../../arm-none-eabi/lib/thumb/v7e-m\libc.a(lib_a-findfp.o)
                0x00405bbc                __sinit
 .text.__sfp_lock_acquire
                0x00405c14        0xc d:/program files (x86)/7.0/toolchain/arm/arm-gnu-toolchain/bin/../lib/gcc/arm-none-eabi/6.3.1/../../../../arm-none-eabi/lib/thumb/v7e-m\libc.a(lib_a-findfp.o)
                0x00405c14                __sfp_lock_acquire
 .text.__sfp_lock_release
                0x00405c20        0xc d:/program files (x86)/7.0/toolchain/arm/arm-gnu-toolchain/bin/../lib/gcc/arm-none-eabi/6.3.1/../../../../arm-none-eabi/lib/thumb/v7e-m\libc.a(lib_a-findfp.o)
                0x00405c20                __sfp_lock_release
 .text.__libc_fini_array
                0x00405c2c       0x34 d:/program files (x86)/7.0/toolchain/arm/arm-gnu-toolchain/bin/../lib/gcc/arm-none-eabi/6.3.1/../../../../arm-none-eabi/lib/thumb/v7e-m\libc.a(lib_a-fini.o)
                0x00405c2c                __libc_fini_array
 .text.__fputwc
                0x00405c60       0xa0 d:/program files (x86)/7.0/toolchain/arm/arm-gnu-toolchain/bin/../lib/gcc/arm-none-eabi/6.3.1/../../../../arm-none-eabi/lib/thumb/v7e-m\libc.a(lib_a-fputwc.o)
                0x00405c60                __fputwc
 .text._fputwc_r
                0x00405d00       0x68 d:/program files (x86)/7.0/toolchain/arm/arm-gnu-toolchain/bin/../lib/gcc/arm-none-eabi/6.3.1/../../../../arm-none-eabi/lib/thumb/v7e-m\libc.a(lib_a-fputwc.o)
                0x00405d00                _fputwc_r
 .text._malloc_trim_r
                0x00405d68       0xa0 d:/program files (x86)/7.0/toolchain/arm/arm-gnu-toolchain/bin/../lib/gcc/arm-none-eabi/6.3.1/../../../../arm-none-eabi/lib/thumb/v7e-m\libc.a(lib_a-freer.o)
                0x00405d68                _malloc_trim_r
 .text._free_r  0x00405e08      0x1cc d:/program files (x86)/7.0/toolchain/arm/arm-gnu-toolchain/bin/../lib/gcc/arm-none-eabi/6.3.1/../../../../arm-none-eabi/lib/thumb/v7e-m\libc.a(lib_a-freer.o)
                0x00405e08                _free_r
 .text.__sfvwrite_r
                0x00405fd4      0x2f0 d:/program files (x86)/7.0/toolchain/arm/arm-gnu-toolchain/bin/../lib/gcc/arm-none-eabi/6.3.1/../../../../arm-none-eabi/lib/thumb/v7e-m\libc.a(lib_a-fvwrite.o)
                0x00405fd4                __sfvwrite_r
 .text._fwalk_reent
                0x004062c4       0x54 d:/program files (x86)/7.0/toolchain/arm/arm-gnu-toolchain/bin/../lib/gcc/arm-none-eabi/6.3.1/../../../../arm-none-eabi/lib/thumb/v7e-m\libc.a(lib_a-fwalk.o)
                0x004062c4                _fwalk_reent
 .text.__locale_mb_cur_max
                0x00406318       0x1c d:/program files (x86)/7.0/toolchain/arm/arm-gnu-toolchain/bin/../lib/gcc/arm-none-eabi/6.3.1/../../../../arm-none-eabi/lib/thumb/v7e-m\libc.a(lib_a-locale.o)
                0x00406318                __locale_mb_cur_max
 .text._localeconv_r
                0x00406334       0x1c d:/program files (x86)/7.0/toolchain/arm/arm-gnu-toolchain/bin/../lib/gcc/arm-none-eabi/6.3.1/../../../../arm-none-eabi/lib/thumb/v7e-m\libc.a(lib_a-localeconv.o)
                0x00406334                _localeconv_r
 .text.__retarget_lock_init_recursive
                0x00406350        0x4 d:/program files (x86)/7.0/toolchain/arm/arm-gnu-toolchain/bin/../lib/gcc/arm-none-eabi/6.3.1/../../../../arm-none-eabi/lib/thumb/v7e-m\libc.a(lib_a-lock.o)
                0x00406350                __retarget_lock_init_recursive
 .text.__retarget_lock_close_recursive
                0x00406354        0x4 d:/program files (x86)/7.0/toolchain/arm/arm-gnu-toolchain/bin/../lib/gcc/arm-none-eabi/6.3.1/../../../../arm-none-eabi/lib/thumb/v7e-m\libc.a(lib_a-lock.o)
                0x00406354                __retarget_lock_close_recursive
 .text.__retarget_lock_acquire_recursive
                0x00406358        0x4 d:/program files (x86)/7.0/toolchain/arm/arm-gnu-toolchain/bin/../lib/gcc/arm-none-eabi/6.3.1/../../../../arm-none-eabi/lib/thumb/v7e-m\libc.a(lib_a-lock.o)
                0x00406358                __retarget_lock_acquire_recursive
 .text.__retarget_lock_release_recursive
                0x0040635c        0x4 d:/program files (x86)/7.0/toolchain/arm/arm-gnu-toolchain/bin/../lib/gcc/arm-none-eabi/6.3.1/../../../../arm-none-eabi/lib/thumb/v7e-m\libc.a(lib_a-lock.o)
                0x0040635c                __retarget_lock_release_recursive
 .text.__swhatbuf_r
                0x00406360       0x5c d:/program files (x86)/7.0/toolchain/arm/arm-gnu-toolchain/bin/../lib/gcc/arm-none-eabi/6.3.1/../../../../arm-none-eabi/lib/thumb/v7e-m\libc.a(lib_a-makebuf.o)
                0x00406360                __swhatbuf_r
 .text.__smakebuf_r
                0x004063bc       0x94 d:/program files (x86)/7.0/toolchain/arm/arm-gnu-toolchain/bin/../lib/gcc/arm-none-eabi/6.3.1/../../../../arm-none-eabi/lib/thumb/v7e-m\libc.a(lib_a-makebuf.o)
                0x004063bc                __smakebuf_r
 .text._malloc_r
                0x00406450      0x560 d:/program files (x86)/7.0/toolchain/arm/arm-gnu-toolchain/bin/../lib/gcc/arm-none-eabi/6.3.1/../../../../arm-none-eabi/lib/thumb/v7e-m\libc.a(lib_a-mallocr.o)
                0x00406450                _malloc_r
 .text.__ascii_mbtowc
                0x004069b0       0x2c d:/program files (x86)/7.0/toolchain/arm/arm-gnu-toolchain/bin/../lib/gcc/arm-none-eabi/6.3.1/../../../../arm-none-eabi/lib/thumb/v7e-m\libc.a(lib_a-mbtowc_r.o)
                0x004069b0                __ascii_mbtowc
 *fill*         0x004069dc        0x4 
 .text          0x004069e0       0xa0 d:/program files (x86)/7.0/toolchain/arm/arm-gnu-toolchain/bin/../lib/gcc/arm-none-eabi/6.3.1/../../../../arm-none-eabi/lib/thumb/v7e-m\libc.a(lib_a-memchr.o)
                0x004069e0                memchr
 .text          0x00406a80      0x134 d:/program files (x86)/7.0/toolchain/arm/arm-gnu-toolchain/bin/../lib/gcc/arm-none-eabi/6.3.1/../../../../arm-none-eabi/lib/thumb/v7e-m\libc.a(lib_a-memcpy.o)
                0x00406a80                memcpy
 .text.memmove  0x00406bb4       0xc8 d:/program files (x86)/7.0/toolchain/arm/arm-gnu-toolchain/bin/../lib/gcc/arm-none-eabi/6.3.1/../../../../arm-none-eabi/lib/thumb/v7e-m\libc.a(lib_a-memmove.o)
                0x00406bb4                memmove
 .text.__malloc_lock
                0x00406c7c        0xc d:/program files (x86)/7.0/toolchain/arm/arm-gnu-toolchain/bin/../lib/gcc/arm-none-eabi/6.3.1/../../../../arm-none-eabi/lib/thumb/v7e-m\libc.a(lib_a-mlock.o)
                0x00406c7c                __malloc_lock
 .text.__malloc_unlock
                0x00406c88        0xc d:/program files (x86)/7.0/toolchain/arm/arm-gnu-toolchain/bin/../lib/gcc/arm-none-eabi/6.3.1/../../../../arm-none-eabi/lib/thumb/v7e-m\libc.a(lib_a-mlock.o)
                0x00406c88                __malloc_unlock
 .text._Balloc  0x00406c94       0x4c d:/program files (x86)/7.0/toolchain/arm/arm-gnu-toolchain/bin/../lib/gcc/arm-none-eabi/6.3.1/../../../../arm-none-eabi/lib/thumb/v7e-m\libc.a(lib_a-mprec.o)
                0x00406c94                _Balloc
 .text._Bfree   0x00406ce0       0x14 d:/program files (x86)/7.0/toolchain/arm/arm-gnu-toolchain/bin/../lib/gcc/arm-none-eabi/6.3.1/../../../../arm-none-eabi/lib/thumb/v7e-m\libc.a(lib_a-mprec.o)
                0x00406ce0                _Bfree
 .text.__multadd
                0x00406cf4       0x80 d:/program files (x86)/7.0/toolchain/arm/arm-gnu-toolchain/bin/../lib/gcc/arm-none-eabi/6.3.1/../../../../arm-none-eabi/lib/thumb/v7e-m\libc.a(lib_a-mprec.o)
                0x00406cf4                __multadd
 .text.__hi0bits
                0x00406d74       0x40 d:/program files (x86)/7.0/toolchain/arm/arm-gnu-toolchain/bin/../lib/gcc/arm-none-eabi/6.3.1/../../../../arm-none-eabi/lib/thumb/v7e-m\libc.a(lib_a-mprec.o)
                0x00406d74                __hi0bits
 .text.__lo0bits
                0x00406db4       0x60 d:/program files (x86)/7.0/toolchain/arm/arm-gnu-toolchain/bin/../lib/gcc/arm-none-eabi/6.3.1/../../../../arm-none-eabi/lib/thumb/v7e-m\libc.a(lib_a-mprec.o)
                0x00406db4                __lo0bits
 .text.__i2b    0x00406e14       0x14 d:/program files (x86)/7.0/toolchain/arm/arm-gnu-toolchain/bin/../lib/gcc/arm-none-eabi/6.3.1/../../../../arm-none-eabi/lib/thumb/v7e-m\libc.a(lib_a-mprec.o)
                0x00406e14                __i2b
 .text.__multiply
                0x00406e28      0x124 d:/program files (x86)/7.0/toolchain/arm/arm-gnu-toolchain/bin/../lib/gcc/arm-none-eabi/6.3.1/../../../../arm-none-eabi/lib/thumb/v7e-m\libc.a(lib_a-mprec.o)
                0x00406e28                __multiply
 .text.__pow5mult
                0x00406f4c       0xa0 d:/program files (x86)/7.0/toolchain/arm/arm-gnu-toolchain/bin/../lib/gcc/arm-none-eabi/6.3.1/../../../../arm-none-eabi/lib/thumb/v7e-m\libc.a(lib_a-mprec.o)
                0x00406f4c                __pow5mult
 .text.__lshift
                0x00406fec       0xa4 d:/program files (x86)/7.0/toolchain/arm/arm-gnu-toolchain/bin/../lib/gcc/arm-none-eabi/6.3.1/../../../../arm-none-eabi/lib/thumb/v7e-m\libc.a(lib_a-mprec.o)
                0x00406fec                __lshift
 .text.__mcmp   0x00407090       0x38 d:/program files (x86)/7.0/toolchain/arm/arm-gnu-toolchain/bin/../lib/gcc/arm-none-eabi/6.3.1/../../../../arm-none-eabi/lib/thumb/v7e-m\libc.a(lib_a-mprec.o)
                0x00407090                __mcmp
 .text.__mdiff  0x004070c8      0x108 d:/program files (x86)/7.0/toolchain/arm/arm-gnu-toolchain/bin/../lib/gcc/arm-none-eabi/6.3.1/../../../../arm-none-eabi/lib/thumb/v7e-m\libc.a(lib_a-mprec.o)
                0x004070c8                __mdiff
 .text.__d2b    0x004071d0       0xb8 d:/program files (x86)/7.0/toolchain/arm/arm-gnu-toolchain/bin/../lib/gcc/arm-none-eabi/6.3.1/../../../../arm-none-eabi/lib/thumb/v7e-m\libc.a(lib_a-mprec.o)
                0x004071d0                __d2b
 .text._realloc_r
                0x00407288      0x34c d:/program files (x86)/7.0/toolchain/arm/arm-gnu-toolchain/bin/../lib/gcc/arm-none-eabi/6.3.1/../../../../arm-none-eabi/lib/thumb/v7e-m\libc.a(lib_a-reallocr.o)
                0x00407288                _realloc_r
 .text.__sread  0x004075d4       0x24 d:/program files (x86)/7.0/toolchain/arm/arm-gnu-toolchain/bin/../lib/gcc/arm-none-eabi/6.3.1/../../../../arm-none-eabi/lib/thumb/v7e-m\libc.a(lib_a-stdio.o)
                0x004075d4                __sread
 .text.__swrite
                0x004075f8       0x3c d:/program files (x86)/7.0/toolchain/arm/arm-gnu-toolchain/bin/../lib/gcc/arm-none-eabi/6.3.1/../../../../arm-none-eabi/lib/thumb/v7e-m\libc.a(lib_a-stdio.o)
                0x004075f8                __swrite
 .text.__sseek  0x00407634       0x20 d:/program files (x86)/7.0/toolchain/arm/arm-gnu-toolchain/bin/../lib/gcc/arm-none-eabi/6.3.1/../../../../arm-none-eabi/lib/thumb/v7e-m\libc.a(lib_a-stdio.o)
                0x00407634                __sseek
 .text.__sclose
                0x00407654        0x8 d:/program files (x86)/7.0/toolchain/arm/arm-gnu-toolchain/bin/../lib/gcc/arm-none-eabi/6.3.1/../../../../arm-none-eabi/lib/thumb/v7e-m\libc.a(lib_a-stdio.o)
                0x00407654                __sclose
 .text.__ssprint_r
                0x0040765c       0xfc d:/program files (x86)/7.0/toolchain/arm/arm-gnu-toolchain/bin/../lib/gcc/arm-none-eabi/6.3.1/../../../../arm-none-eabi/lib/thumb/v7e-m\libc.a(lib_a-svfiprintf.o)
                0x0040765c                __ssprint_r
 .text.__swbuf_r
                0x00407758       0xb0 d:/program files (x86)/7.0/toolchain/arm/arm-gnu-toolchain/bin/../lib/gcc/arm-none-eabi/6.3.1/../../../../arm-none-eabi/lib/thumb/v7e-m\libc.a(lib_a-wbuf.o)
                0x00407758                __swbuf_r
 .text._wcrtomb_r
                0x00407808       0x54 d:/program files (x86)/7.0/toolchain/arm/arm-gnu-toolchain/bin/../lib/gcc/arm-none-eabi/6.3.1/../../../../arm-none-eabi/lib/thumb/v7e-m\libc.a(lib_a-wcrtomb.o)
                0x00407808                _wcrtomb_r
 .text.__ascii_wctomb
                0x0040785c       0x1c d:/program files (x86)/7.0/toolchain/arm/arm-gnu-toolchain/bin/../lib/gcc/arm-none-eabi/6.3.1/../../../../arm-none-eabi/lib/thumb/v7e-m\libc.a(lib_a-wctomb_r.o)
                0x0040785c                __ascii_wctomb
 .text.__register_exitproc
                0x00407878       0xc4 d:/program files (x86)/7.0/toolchain/arm/arm-gnu-toolchain/bin/../lib/gcc/arm-none-eabi/6.3.1/../../../../arm-none-eabi/lib/thumb/v7e-m\libc.a(lib_a-__atexit.o)
                0x00407878                __register_exitproc
 .text._calloc_r
                0x0040793c       0x60 d:/program files (x86)/7.0/toolchain/arm/arm-gnu-toolchain/bin/../lib/gcc/arm-none-eabi/6.3.1/../../../../arm-none-eabi/lib/thumb/v7e-m\libc.a(lib_a-callocr.o)
                0x0040793c                _calloc_r
 .text._fclose_r
                0x0040799c       0xc4 d:/program files (x86)/7.0/toolchain/arm/arm-gnu-toolchain/bin/../lib/gcc/arm-none-eabi/6.3.1/../../../../arm-none-eabi/lib/thumb/v7e-m\libc.a(lib_a-fclose.o)
                0x0040799c                _fclose_r
 .text._isatty_r
                0x00407a60       0x24 d:/program files (x86)/7.0/toolchain/arm/arm-gnu-toolchain/bin/../lib/gcc/arm-none-eabi/6.3.1/../../../../arm-none-eabi/lib/thumb/v7e-m\libc.a(lib_a-isattyr.o)
                0x00407a60                _isatty_r
 .text          0x00407a84      0x370 d:/program files (x86)/7.0/toolchain/arm/arm-gnu-toolchain/bin/../lib/gcc/arm-none-eabi/6.3.1/thumb/v7e-m\libgcc.a(_arm_addsubdf3.o)
                0x00407a84                __aeabi_drsub
                0x00407a8c                __aeabi_dsub
                0x00407a8c                __subdf3
                0x00407a90                __aeabi_dadd
                0x00407a90                __adddf3
                0x00407d08                __floatunsidf
                0x00407d08                __aeabi_ui2d
                0x00407d28                __floatsidf
                0x00407d28                __aeabi_i2d
                0x00407d4c                __aeabi_f2d
                0x00407d4c                __extendsfdf2
                0x00407d88                __floatundidf
                0x00407d88                __aeabi_ul2d
                0x00407d98                __floatdidf
                0x00407d98                __aeabi_l2d
 .text          0x00407df4      0x424 d:/program files (x86)/7.0/toolchain/arm/arm-gnu-toolchain/bin/../lib/gcc/arm-none-eabi/6.3.1/thumb/v7e-m\libgcc.a(_arm_muldivdf3.o)
                0x00407df4                __aeabi_dmul
                0x00407df4                __muldf3
                0x00408048                __divdf3
                0x00408048                __aeabi_ddiv
 .text          0x00408218      0x110 d:/program files (x86)/7.0/toolchain/arm/arm-gnu-toolchain/bin/../lib/gcc/arm-none-eabi/6.3.1/thumb/v7e-m\libgcc.a(_arm_cmpdf2.o)
                0x00408218                __gtdf2
                0x00408218                __gedf2
                0x00408220                __ltdf2
                0x00408220                __ledf2
                0x00408228                __nedf2
                0x00408228                __eqdf2
                0x00408228                __cmpdf2
                0x004082a4                __aeabi_cdrcmple
                0x004082b4                __aeabi_cdcmpeq
                0x004082b4                __aeabi_cdcmple
                0x004082c4                __aeabi_dcmpeq
                0x004082d8                __aeabi_dcmplt
                0x004082ec                __aeabi_dcmple
                0x00408300                __aeabi_dcmpge
                0x00408314                __aeabi_dcmpgt
 .text          0x00408328       0x2c d:/program files (x86)/7.0/toolchain/arm/arm-gnu-toolchain/bin/../lib/gcc/arm-none-eabi/6.3.1/thumb/v7e-m\libgcc.a(_arm_unorddf2.o)
                0x00408328                __unorddf2
                0x00408328                __aeabi_dcmpun
 .text          0x00408354       0x50 d:/program files (x86)/7.0/toolchain/arm/arm-gnu-toolchain/bin/../lib/gcc/arm-none-eabi/6.3.1/thumb/v7e-m\libgcc.a(_arm_fixdfsi.o)
                0x00408354                __aeabi_d2iz
                0x00408354                __fixdfsi
 .text          0x004083a4       0x30 d:/program files (x86)/7.0/toolchain/arm/arm-gnu-toolchain/bin/../lib/gcc/arm-none-eabi/6.3.1/thumb/v7e-m\libgcc.a(_aeabi_uldivmod.o)
                0x004083a4                __aeabi_uldivmod
 .text          0x004083d4      0x2dc d:/program files (x86)/7.0/toolchain/arm/arm-gnu-toolchain/bin/../lib/gcc/arm-none-eabi/6.3.1/thumb/v7e-m\libgcc.a(_udivmoddi4.o)
                0x004083d4                __udivmoddi4
 .text          0x004086b0        0x4 d:/program files (x86)/7.0/toolchain/arm/arm-gnu-toolchain/bin/../lib/gcc/arm-none-eabi/6.3.1/thumb/v7e-m\libgcc.a(_dvmd_tls.o)
                0x004086b0                __aeabi_idiv0
                0x004086b0                __aeabi_ldiv0
 *(.glue_7t)
 .glue_7t       0x004086b4        0x0 linker stubs
 *(.glue_7)
 .glue_7        0x004086b4        0x0 linker stubs
 *(.rodata .rodata* .gnu.linkonce.r.*)
 .rodata        0x004086b4       0x98 board_cortex7_init.o
 .rodata        0x0040874c        0x2 dbgu.o
 *fill*         0x0040874e        0x2 
 .rodata        0x00408750      0x284 Device_Startup/startup_same70q21.o
 .rodata        0x004089d4       0xf0 main.o
 .rodata._global_impure_ptr
                0x00408ac4        0x4 d:/program files (x86)/7.0/toolchain/arm/arm-gnu-toolchain/bin/../lib/gcc/arm-none-eabi/6.3.1/../../../../arm-none-eabi/lib/thumb/v7e-m\libc.a(lib_a-impure.o)
                0x00408ac4                _global_impure_ptr
 .rodata._svfprintf_r.str1.4
                0x00408ac8       0x42 d:/program files (x86)/7.0/toolchain/arm/arm-gnu-toolchain/bin/../lib/gcc/arm-none-eabi/6.3.1/../../../../arm-none-eabi/lib/thumb/v7e-m\libc.a(lib_a-svfprintf.o)
 *fill*         0x00408b0a        0x2 
 .rodata.blanks.7223
                0x00408b0c       0x10 d:/program files (x86)/7.0/toolchain/arm/arm-gnu-toolchain/bin/../lib/gcc/arm-none-eabi/6.3.1/../../../../arm-none-eabi/lib/thumb/v7e-m\libc.a(lib_a-svfprintf.o)
 .rodata.zeroes.7224
                0x00408b1c       0x10 d:/program files (x86)/7.0/toolchain/arm/arm-gnu-toolchain/bin/../lib/gcc/arm-none-eabi/6.3.1/../../../../arm-none-eabi/lib/thumb/v7e-m\libc.a(lib_a-svfprintf.o)
 .rodata._vfprintf_r.str1.4
                0x00408b2c       0x42 d:/program files (x86)/7.0/toolchain/arm/arm-gnu-toolchain/bin/../lib/gcc/arm-none-eabi/6.3.1/../../../../arm-none-eabi/lib/thumb/v7e-m\libc.a(lib_a-vfprintf.o)
 .rodata.blanks.7238
                0x00408b2c       0x10 d:/program files (x86)/7.0/toolchain/arm/arm-gnu-toolchain/bin/../lib/gcc/arm-none-eabi/6.3.1/../../../../arm-none-eabi/lib/thumb/v7e-m\libc.a(lib_a-vfprintf.o)
 .rodata.zeroes.7239
                0x00408b3c       0x10 d:/program files (x86)/7.0/toolchain/arm/arm-gnu-toolchain/bin/../lib/gcc/arm-none-eabi/6.3.1/../../../../arm-none-eabi/lib/thumb/v7e-m\libc.a(lib_a-vfprintf.o)
 .rodata._dtoa_r.str1.4
                0x00408b4c       0x10 d:/program files (x86)/7.0/toolchain/arm/arm-gnu-toolchain/bin/../lib/gcc/arm-none-eabi/6.3.1/../../../../arm-none-eabi/lib/thumb/v7e-m\libc.a(lib_a-dtoa.o)
                                 0x12 (size before relaxing)
 .rodata._setlocale_r.str1.4
                0x00408b5c        0xa d:/program files (x86)/7.0/toolchain/arm/arm-gnu-toolchain/bin/../lib/gcc/arm-none-eabi/6.3.1/../../../../arm-none-eabi/lib/thumb/v7e-m\libc.a(lib_a-locale.o)
                                  0xd (size before relaxing)
 *fill*         0x00408b66        0x2 
 .rodata.str1.4
                0x00408b68        0x4 d:/program files (x86)/7.0/toolchain/arm/arm-gnu-toolchain/bin/../lib/gcc/arm-none-eabi/6.3.1/../../../../arm-none-eabi/lib/thumb/v7e-m\libc.a(lib_a-locale.o)
                                  0x2 (size before relaxing)
 *fill*         0x00408b6c        0x4 
 .rodata.__mprec_bigtens
                0x00408b70       0x28 d:/program files (x86)/7.0/toolchain/arm/arm-gnu-toolchain/bin/../lib/gcc/arm-none-eabi/6.3.1/../../../../arm-none-eabi/lib/thumb/v7e-m\libc.a(lib_a-mprec.o)
                0x00408b70                __mprec_bigtens
 .rodata.__mprec_tens
                0x00408b98       0xc8 d:/program files (x86)/7.0/toolchain/arm/arm-gnu-toolchain/bin/../lib/gcc/arm-none-eabi/6.3.1/../../../../arm-none-eabi/lib/thumb/v7e-m\libc.a(lib_a-mprec.o)
                0x00408b98                __mprec_tens
 .rodata.p05.6055
                0x00408c60        0xc d:/program files (x86)/7.0/toolchain/arm/arm-gnu-toolchain/bin/../lib/gcc/arm-none-eabi/6.3.1/../../../../arm-none-eabi/lib/thumb/v7e-m\libc.a(lib_a-mprec.o)
 .rodata._ctype_
                0x00408c6c      0x101 d:/program files (x86)/7.0/toolchain/arm/arm-gnu-toolchain/bin/../lib/gcc/arm-none-eabi/6.3.1/../../../../arm-none-eabi/lib/thumb/v7e-m\libc.a(lib_a-ctype_.o)
                0x00408c6c                _ctype_
 *(.ARM.extab* .gnu.linkonce.armextab.*)
                0x00408d70                . = ALIGN (0x4)
 *fill*         0x00408d6d        0x3 
 *(.init)
 .init          0x00408d70        0x4 d:/program files (x86)/7.0/toolchain/arm/arm-gnu-toolchain/bin/../lib/gcc/arm-none-eabi/6.3.1/thumb/v7e-m/crti.o
                0x00408d70                _init
 .init          0x00408d74        0x8 d:/program files (x86)/7.0/toolchain/arm/arm-gnu-toolchain/bin/../lib/gcc/arm-none-eabi/6.3.1/thumb/v7e-m/crtn.o
                0x00408d7c                . = ALIGN (0x4)
                0x00408d7c                __preinit_array_start = .
 *(.preinit_array)
                0x00408d7c                __preinit_array_end = .
                0x00408d7c                . = ALIGN (0x4)
                0x00408d7c                __init_array_start = .
 *(SORT(.init_array.*))
 .init_array.00000
                0x00408d7c        0x4 d:/program files (x86)/7.0/toolchain/arm/arm-gnu-toolchain/bin/../lib/gcc/arm-none-eabi/6.3.1/../../../../arm-none-eabi/lib/thumb/v7e-m\libc.a(lib_a-__call_atexit.o)
 *(.init_array)
 .init_array    0x00408d80        0x4 d:/program files (x86)/7.0/toolchain/arm/arm-gnu-toolchain/bin/../lib/gcc/arm-none-eabi/6.3.1/thumb/v7e-m/crtbegin.o
                0x00408d84                __init_array_end = .
                0x00408d84                . = ALIGN (0x4)
 *crtbegin.o(.ctors)
 *(EXCLUDE_FILE(*crtend.o) .ctors)
 *(SORT(.ctors.*))
 *crtend.o(.ctors)
                0x00408d84                . = ALIGN (0x4)
 *(.fini)
 .fini          0x00408d84        0x4 d:/program files (x86)/7.0/toolchain/arm/arm-gnu-toolchain/bin/../lib/gcc/arm-none-eabi/6.3.1/thumb/v7e-m/crti.o
                0x00408d84                _fini
 .fini          0x00408d88        0x8 d:/program files (x86)/7.0/toolchain/arm/arm-gnu-toolchain/bin/../lib/gcc/arm-none-eabi/6.3.1/thumb/v7e-m/crtn.o
                0x00408d90                . = ALIGN (0x4)
                0x00408d90                __fini_array_start = .
 *(.fini_array)
 .fini_array    0x00408d90        0x4 d:/program files (x86)/7.0/toolchain/arm/arm-gnu-toolchain/bin/../lib/gcc/arm-none-eabi/6.3.1/thumb/v7e-m/crtbegin.o
 *(SORT(.fini_array.*))
                0x00408d94                __fini_array_end = .
 *crtbegin.o(.dtors)
 *(EXCLUDE_FILE(*crtend.o) .dtors)
 *(SORT(.dtors.*))
 *crtend.o(.dtors)
                0x00408d94                . = ALIGN (0x4)
                0x00408d94                _efixed = .
                [!provide]                PROVIDE (__exidx_start, .)

.vfp11_veneer   0x00408d94        0x0
 .vfp11_veneer  0x00408d94        0x0 linker stubs

.v4_bx          0x00408d94        0x0
 .v4_bx         0x00408d94        0x0 linker stubs

.iplt           0x00408d94        0x0
 .iplt          0x00408d94        0x0 d:/program files (x86)/7.0/toolchain/arm/arm-gnu-toolchain/bin/../lib/gcc/arm-none-eabi/6.3.1/thumb/v7e-m/crtbegin.o

.ARM.exidx      0x00408d94        0x8
 *(.ARM.exidx* .gnu.linkonce.armexidx.*)
 .ARM.exidx     0x00408d94        0x8 d:/program files (x86)/7.0/toolchain/arm/arm-gnu-toolchain/bin/../lib/gcc/arm-none-eabi/6.3.1/thumb/v7e-m\libgcc.a(_udivmoddi4.o)
                [!provide]                PROVIDE (__exidx_end, .)

.eh_frame       0x00408d9c        0x0
 .eh_frame      0x00408d9c        0x0 d:/program files (x86)/7.0/toolchain/arm/arm-gnu-toolchain/bin/../lib/gcc/arm-none-eabi/6.3.1/thumb/v7e-m/crtbegin.o

.rel.dyn        0x00408d9c        0x0
 .rel.iplt      0x00408d9c        0x0 d:/program files (x86)/7.0/toolchain/arm/arm-gnu-toolchain/bin/../lib/gcc/arm-none-eabi/6.3.1/thumb/v7e-m/crtbegin.o

.jcr            0x00408d9c        0x0
 .jcr           0x00408d9c        0x0 d:/program files (x86)/7.0/toolchain/arm/arm-gnu-toolchain/bin/../lib/gcc/arm-none-eabi/6.3.1/thumb/v7e-m/crtbegin.o

.igot.plt       0x00408d9c        0x0
 .igot.plt      0x00408d9c        0x0 d:/program files (x86)/7.0/toolchain/arm/arm-gnu-toolchain/bin/../lib/gcc/arm-none-eabi/6.3.1/thumb/v7e-m/crtbegin.o
                0x00408d9c                . = ALIGN (0x4)
                0x00408d9c                _etext = .

.relocate       0x20400000      0x9b8 load address 0x00408d9c
                0x20400000                . = ALIGN (0x4)
                0x20400000                _srelocate = .
 *(.ramfunc .ramfunc.*)
 *(.data .data.*)
 .data          0x20400000        0x4 board_cortex7_init.o
                0x20400000                delayus_parameter
 .data          0x20400004        0x4 Device_Startup/system_same70q21.o
                0x20400004                SystemCoreClock
 .data._impure_ptr
                0x20400008        0x4 d:/program files (x86)/7.0/toolchain/arm/arm-gnu-toolchain/bin/../lib/gcc/arm-none-eabi/6.3.1/../../../../arm-none-eabi/lib/thumb/v7e-m\libc.a(lib_a-impure.o)
                0x20400008                _impure_ptr
 *fill*         0x2040000c        0x4 
 .data.impure_data
                0x20400010      0x428 d:/program files (x86)/7.0/toolchain/arm/arm-gnu-toolchain/bin/../lib/gcc/arm-none-eabi/6.3.1/../../../../arm-none-eabi/lib/thumb/v7e-m\libc.a(lib_a-impure.o)
 .data.__atexit_recursive_mutex
                0x20400438        0x4 d:/program files (x86)/7.0/toolchain/arm/arm-gnu-toolchain/bin/../lib/gcc/arm-none-eabi/6.3.1/../../../../arm-none-eabi/lib/thumb/v7e-m\libc.a(lib_a-__call_atexit.o)
                0x20400438                __atexit_recursive_mutex
 .data.__global_locale
                0x2040043c      0x16c d:/program files (x86)/7.0/toolchain/arm/arm-gnu-toolchain/bin/../lib/gcc/arm-none-eabi/6.3.1/../../../../arm-none-eabi/lib/thumb/v7e-m\libc.a(lib_a-locale.o)
                0x2040043c                __global_locale
 .data.__malloc_av_
                0x204005a8      0x408 d:/program files (x86)/7.0/toolchain/arm/arm-gnu-toolchain/bin/../lib/gcc/arm-none-eabi/6.3.1/../../../../arm-none-eabi/lib/thumb/v7e-m\libc.a(lib_a-mallocr.o)
                0x204005a8                __malloc_av_
 .data.__malloc_sbrk_base
                0x204009b0        0x4 d:/program files (x86)/7.0/toolchain/arm/arm-gnu-toolchain/bin/../lib/gcc/arm-none-eabi/6.3.1/../../../../arm-none-eabi/lib/thumb/v7e-m\libc.a(lib_a-mallocr.o)
                0x204009b0                __malloc_sbrk_base
 .data.__malloc_trim_threshold
                0x204009b4        0x4 d:/program files (x86)/7.0/toolchain/arm/arm-gnu-toolchain/bin/../lib/gcc/arm-none-eabi/6.3.1/../../../../arm-none-eabi/lib/thumb/v7e-m\libc.a(lib_a-mallocr.o)
                0x204009b4                __malloc_trim_threshold
                0x204009b8                . = ALIGN (0x4)
                0x204009b8                _erelocate = .

.bss            0x204009b8       0xd8 load address 0x00409754
                0x204009b8                . = ALIGN (0x4)
                0x204009b8                _sbss = .
                0x204009b8                _szero = .
 *(.bss .bss.*)
 .bss           0x204009b8       0x1c d:/program files (x86)/7.0/toolchain/arm/arm-gnu-toolchain/bin/../lib/gcc/arm-none-eabi/6.3.1/thumb/v7e-m/crtbegin.o
 .bss           0x204009d4        0x4 Common/syscalls.o
 .bss           0x204009d8        0x5 dbgu.o
                0x204009d8                dbgu_rx_buffer_fill
                0x204009dc                uart_active
 *fill*         0x204009dd        0x3 
 .bss           0x204009e0       0x50 Device_Startup/startup_same70q21.o
 .bss           0x20400a30        0x4 main.o
                0x20400a30                sdram_heap_size
 .bss.__malloc_current_mallinfo
                0x20400a34       0x28 d:/program files (x86)/7.0/toolchain/arm/arm-gnu-toolchain/bin/../lib/gcc/arm-none-eabi/6.3.1/../../../../arm-none-eabi/lib/thumb/v7e-m\libc.a(lib_a-mallocr.o)
                0x20400a34                __malloc_current_mallinfo
 .bss.__malloc_max_sbrked_mem
                0x20400a5c        0x4 d:/program files (x86)/7.0/toolchain/arm/arm-gnu-toolchain/bin/../lib/gcc/arm-none-eabi/6.3.1/../../../../arm-none-eabi/lib/thumb/v7e-m\libc.a(lib_a-mallocr.o)
                0x20400a5c                __malloc_max_sbrked_mem
 .bss.__malloc_max_total_mem
                0x20400a60        0x4 d:/program files (x86)/7.0/toolchain/arm/arm-gnu-toolchain/bin/../lib/gcc/arm-none-eabi/6.3.1/../../../../arm-none-eabi/lib/thumb/v7e-m\libc.a(lib_a-mallocr.o)
                0x20400a60                __malloc_max_total_mem
 .bss.__malloc_top_pad
                0x20400a64        0x4 d:/program files (x86)/7.0/toolchain/arm/arm-gnu-toolchain/bin/../lib/gcc/arm-none-eabi/6.3.1/../../../../arm-none-eabi/lib/thumb/v7e-m\libc.a(lib_a-mallocr.o)
                0x20400a64                __malloc_top_pad
 *(COMMON)
 COMMON         0x20400a68        0x4 d:/program files (x86)/7.0/toolchain/arm/arm-gnu-toolchain/bin/../lib/gcc/arm-none-eabi/6.3.1/../../../../arm-none-eabi/lib/thumb/v7e-m\libc.a(lib_a-reent.o)
                0x20400a68                errno
 COMMON         0x20400a6c       0x21 d:/program files (x86)/7.0/toolchain/arm/arm-gnu-toolchain/bin/../lib/gcc/arm-none-eabi/6.3.1/../../../../arm-none-eabi/lib/thumb/v7e-m\libc.a(lib_a-lock.o)
                0x20400a6c                __lock___atexit_recursive_mutex
                0x20400a70                __lock___arc4random_mutex
                0x20400a74                __lock___env_recursive_mutex
                0x20400a78                __lock___sinit_recursive_mutex
                0x20400a7c                __lock___malloc_recursive_mutex
                0x20400a80                __lock___at_quick_exit_mutex
                0x20400a84                __lock___dd_hash_mutex
                0x20400a88                __lock___tz_mutex
                0x20400a8c                __lock___sfp_recursive_mutex
                0x20400a90                . = ALIGN (0x4)
 *fill*         0x20400a8d        0x3 
                0x20400a90                _ebss = .
                0x20400a90                _ezero = .

.heap           0x20400a90     0x8000 load address 0x0040982c
                0x20400a90                . = ALIGN (0x8)
                0x20400a90                _sheap = .
                0x20408a90                . = (. + HEAP_SIZE)
 *fill*         0x20400a90     0x8000 
                0x20408a90                . = ALIGN (0x8)
                0x20408a90                _eheap = .

.stack          0x20408a90    0x20000 load address 0x0041182c
                0x20408a90                . = ALIGN (0x8)
                0x20408a90                _sstack = .
                0x20428a90                . = (. + STACK_SIZE)
 *fill*         0x20408a90    0x20000 
                0x20428a90                . = ALIGN (0x8)
                0x20428a90                _estack = .
                0x20428a90                . = ALIGN (0x4)
                0x20428a90                _end = .
                0x2043ffff                _ram_end_ = ((ORIGIN (ram) + LENGTH (ram)) - 0x1)
OUTPUT(CORTEX_TEST.elf elf32-littlearm)

.ARM.attributes
                0x00000000       0x2a
 .ARM.attributes
                0x00000000       0x1e d:/program files (x86)/7.0/toolchain/arm/arm-gnu-toolchain/bin/../lib/gcc/arm-none-eabi/6.3.1/thumb/v7e-m/crti.o
 .ARM.attributes
                0x0000001e       0x2e d:/program files (x86)/7.0/toolchain/arm/arm-gnu-toolchain/bin/../lib/gcc/arm-none-eabi/6.3.1/thumb/v7e-m/crtbegin.o
 .ARM.attributes
                0x0000004c       0x33 board_cortex7_init.o
 .ARM.attributes
                0x0000007f       0x33 Common/syscalls.o
 .ARM.attributes
                0x000000b2       0x33 dbgu.o
 .ARM.attributes
                0x000000e5       0x33 Device_Startup/startup_same70q21.o
 .ARM.attributes
                0x00000118       0x33 Device_Startup/system_same70q21.o
 .ARM.attributes
                0x0000014b       0x33 main.o
 .ARM.attributes
                0x0000017e       0x33 mpu.o
 .ARM.attributes
                0x000001b1       0x2e d:/program files (x86)/7.0/toolchain/arm/arm-gnu-toolchain/bin/../lib/gcc/arm-none-eabi/6.3.1/../../../../arm-none-eabi/lib/thumb/v7e-m\libc.a(lib_a-impure.o)
 .ARM.attributes
                0x000001df       0x2e d:/program files (x86)/7.0/toolchain/arm/arm-gnu-toolchain/bin/../lib/gcc/arm-none-eabi/6.3.1/../../../../arm-none-eabi/lib/thumb/v7e-m\libc.a(lib_a-init.o)
 .ARM.attributes
                0x0000020d       0x2e d:/program files (x86)/7.0/toolchain/arm/arm-gnu-toolchain/bin/../lib/gcc/arm-none-eabi/6.3.1/../../../../arm-none-eabi/lib/thumb/v7e-m\libc.a(lib_a-memset.o)
 .ARM.attributes
                0x0000023b       0x2e d:/program files (x86)/7.0/toolchain/arm/arm-gnu-toolchain/bin/../lib/gcc/arm-none-eabi/6.3.1/../../../../arm-none-eabi/lib/thumb/v7e-m\libc.a(lib_a-printf.o)
 .ARM.attributes
                0x00000269       0x2e d:/program files (x86)/7.0/toolchain/arm/arm-gnu-toolchain/bin/../lib/gcc/arm-none-eabi/6.3.1/../../../../arm-none-eabi/lib/thumb/v7e-m\libc.a(lib_a-reent.o)
 .ARM.attributes
                0x00000297       0x2e d:/program files (x86)/7.0/toolchain/arm/arm-gnu-toolchain/bin/../lib/gcc/arm-none-eabi/6.3.1/../../../../arm-none-eabi/lib/thumb/v7e-m\libc.a(lib_a-sprintf.o)
 .ARM.attributes
                0x000002c5       0x1c d:/program files (x86)/7.0/toolchain/arm/arm-gnu-toolchain/bin/../lib/gcc/arm-none-eabi/6.3.1/../../../../arm-none-eabi/lib/thumb/v7e-m\libc.a(lib_a-strlen.o)
 .ARM.attributes
                0x000002e1       0x2e d:/program files (x86)/7.0/toolchain/arm/arm-gnu-toolchain/bin/../lib/gcc/arm-none-eabi/6.3.1/../../../../arm-none-eabi/lib/thumb/v7e-m\libc.a(lib_a-svfprintf.o)
 .ARM.attributes
                0x0000030f       0x2e d:/program files (x86)/7.0/toolchain/arm/arm-gnu-toolchain/bin/../lib/gcc/arm-none-eabi/6.3.1/../../../../arm-none-eabi/lib/thumb/v7e-m\libc.a(lib_a-vfiprintf.o)
 .ARM.attributes
                0x0000033d       0x2e d:/program files (x86)/7.0/toolchain/arm/arm-gnu-toolchain/bin/../lib/gcc/arm-none-eabi/6.3.1/../../../../arm-none-eabi/lib/thumb/v7e-m\libc.a(lib_a-vfprintf.o)
 .ARM.attributes
                0x0000036b       0x2e d:/program files (x86)/7.0/toolchain/arm/arm-gnu-toolchain/bin/../lib/gcc/arm-none-eabi/6.3.1/../../../../arm-none-eabi/lib/thumb/v7e-m\libc.a(lib_a-wsetup.o)
 .ARM.attributes
                0x00000399       0x2e d:/program files (x86)/7.0/toolchain/arm/arm-gnu-toolchain/bin/../lib/gcc/arm-none-eabi/6.3.1/../../../../arm-none-eabi/lib/thumb/v7e-m\libc.a(lib_a-__call_atexit.o)
 .ARM.attributes
                0x000003c7       0x2e d:/program files (x86)/7.0/toolchain/arm/arm-gnu-toolchain/bin/../lib/gcc/arm-none-eabi/6.3.1/../../../../arm-none-eabi/lib/thumb/v7e-m\libc.a(lib_a-atexit.o)
 .ARM.attributes
                0x000003f5       0x2e d:/program files (x86)/7.0/toolchain/arm/arm-gnu-toolchain/bin/../lib/gcc/arm-none-eabi/6.3.1/../../../../arm-none-eabi/lib/thumb/v7e-m\libc.a(lib_a-dtoa.o)
 .ARM.attributes
                0x00000423       0x2e d:/program files (x86)/7.0/toolchain/arm/arm-gnu-toolchain/bin/../lib/gcc/arm-none-eabi/6.3.1/../../../../arm-none-eabi/lib/thumb/v7e-m\libc.a(lib_a-fflush.o)
 .ARM.attributes
                0x00000451       0x2e d:/program files (x86)/7.0/toolchain/arm/arm-gnu-toolchain/bin/../lib/gcc/arm-none-eabi/6.3.1/../../../../arm-none-eabi/lib/thumb/v7e-m\libc.a(lib_a-findfp.o)
 .ARM.attributes
                0x0000047f       0x2e d:/program files (x86)/7.0/toolchain/arm/arm-gnu-toolchain/bin/../lib/gcc/arm-none-eabi/6.3.1/../../../../arm-none-eabi/lib/thumb/v7e-m\libc.a(lib_a-fini.o)
 .ARM.attributes
                0x000004ad       0x2e d:/program files (x86)/7.0/toolchain/arm/arm-gnu-toolchain/bin/../lib/gcc/arm-none-eabi/6.3.1/../../../../arm-none-eabi/lib/thumb/v7e-m\libc.a(lib_a-fputwc.o)
 .ARM.attributes
                0x000004db       0x2e d:/program files (x86)/7.0/toolchain/arm/arm-gnu-toolchain/bin/../lib/gcc/arm-none-eabi/6.3.1/../../../../arm-none-eabi/lib/thumb/v7e-m\libc.a(lib_a-freer.o)
 .ARM.attributes
                0x00000509       0x2e d:/program files (x86)/7.0/toolchain/arm/arm-gnu-toolchain/bin/../lib/gcc/arm-none-eabi/6.3.1/../../../../arm-none-eabi/lib/thumb/v7e-m\libc.a(lib_a-fvwrite.o)
 .ARM.attributes
                0x00000537       0x2e d:/program files (x86)/7.0/toolchain/arm/arm-gnu-toolchain/bin/../lib/gcc/arm-none-eabi/6.3.1/../../../../arm-none-eabi/lib/thumb/v7e-m\libc.a(lib_a-fwalk.o)
 .ARM.attributes
                0x00000565       0x2e d:/program files (x86)/7.0/toolchain/arm/arm-gnu-toolchain/bin/../lib/gcc/arm-none-eabi/6.3.1/../../../../arm-none-eabi/lib/thumb/v7e-m\libc.a(lib_a-locale.o)
 .ARM.attributes
                0x00000593       0x2e d:/program files (x86)/7.0/toolchain/arm/arm-gnu-toolchain/bin/../lib/gcc/arm-none-eabi/6.3.1/../../../../arm-none-eabi/lib/thumb/v7e-m\libc.a(lib_a-localeconv.o)
 .ARM.attributes
                0x000005c1       0x2e d:/program files (x86)/7.0/toolchain/arm/arm-gnu-toolchain/bin/../lib/gcc/arm-none-eabi/6.3.1/../../../../arm-none-eabi/lib/thumb/v7e-m\libc.a(lib_a-lock.o)
 .ARM.attributes
                0x000005ef       0x2e d:/program files (x86)/7.0/toolchain/arm/arm-gnu-toolchain/bin/../lib/gcc/arm-none-eabi/6.3.1/../../../../arm-none-eabi/lib/thumb/v7e-m\libc.a(lib_a-makebuf.o)
 .ARM.attributes
                0x0000061d       0x2e d:/program files (x86)/7.0/toolchain/arm/arm-gnu-toolchain/bin/../lib/gcc/arm-none-eabi/6.3.1/../../../../arm-none-eabi/lib/thumb/v7e-m\libc.a(lib_a-mallocr.o)
 .ARM.attributes
                0x0000064b       0x2e d:/program files (x86)/7.0/toolchain/arm/arm-gnu-toolchain/bin/../lib/gcc/arm-none-eabi/6.3.1/../../../../arm-none-eabi/lib/thumb/v7e-m\libc.a(lib_a-mbtowc_r.o)
 .ARM.attributes
                0x00000679       0x1c d:/program files (x86)/7.0/toolchain/arm/arm-gnu-toolchain/bin/../lib/gcc/arm-none-eabi/6.3.1/../../../../arm-none-eabi/lib/thumb/v7e-m\libc.a(lib_a-memchr.o)
 .ARM.attributes
                0x00000695       0x1c d:/program files (x86)/7.0/toolchain/arm/arm-gnu-toolchain/bin/../lib/gcc/arm-none-eabi/6.3.1/../../../../arm-none-eabi/lib/thumb/v7e-m\libc.a(lib_a-memcpy.o)
 .ARM.attributes
                0x000006b1       0x2e d:/program files (x86)/7.0/toolchain/arm/arm-gnu-toolchain/bin/../lib/gcc/arm-none-eabi/6.3.1/../../../../arm-none-eabi/lib/thumb/v7e-m\libc.a(lib_a-memmove.o)
 .ARM.attributes
                0x000006df       0x2e d:/program files (x86)/7.0/toolchain/arm/arm-gnu-toolchain/bin/../lib/gcc/arm-none-eabi/6.3.1/../../../../arm-none-eabi/lib/thumb/v7e-m\libc.a(lib_a-mlock.o)
 .ARM.attributes
                0x0000070d       0x2e d:/program files (x86)/7.0/toolchain/arm/arm-gnu-toolchain/bin/../lib/gcc/arm-none-eabi/6.3.1/../../../../arm-none-eabi/lib/thumb/v7e-m\libc.a(lib_a-mprec.o)
 .ARM.attributes
                0x0000073b       0x2e d:/program files (x86)/7.0/toolchain/arm/arm-gnu-toolchain/bin/../lib/gcc/arm-none-eabi/6.3.1/../../../../arm-none-eabi/lib/thumb/v7e-m\libc.a(lib_a-reallocr.o)
 .ARM.attributes
                0x00000769       0x2e d:/program files (x86)/7.0/toolchain/arm/arm-gnu-toolchain/bin/../lib/gcc/arm-none-eabi/6.3.1/../../../../arm-none-eabi/lib/thumb/v7e-m\libc.a(lib_a-stdio.o)
 .ARM.attributes
                0x00000797       0x2e d:/program files (x86)/7.0/toolchain/arm/arm-gnu-toolchain/bin/../lib/gcc/arm-none-eabi/6.3.1/../../../../arm-none-eabi/lib/thumb/v7e-m\libc.a(lib_a-svfiprintf.o)
 .ARM.attributes
                0x000007c5       0x2e d:/program files (x86)/7.0/toolchain/arm/arm-gnu-toolchain/bin/../lib/gcc/arm-none-eabi/6.3.1/../../../../arm-none-eabi/lib/thumb/v7e-m\libc.a(lib_a-wbuf.o)
 .ARM.attributes
                0x000007f3       0x2e d:/program files (x86)/7.0/toolchain/arm/arm-gnu-toolchain/bin/../lib/gcc/arm-none-eabi/6.3.1/../../../../arm-none-eabi/lib/thumb/v7e-m\libc.a(lib_a-wcrtomb.o)
 .ARM.attributes
                0x00000821       0x2e d:/program files (x86)/7.0/toolchain/arm/arm-gnu-toolchain/bin/../lib/gcc/arm-none-eabi/6.3.1/../../../../arm-none-eabi/lib/thumb/v7e-m\libc.a(lib_a-wctomb_r.o)
 .ARM.attributes
                0x0000084f       0x2e d:/program files (x86)/7.0/toolchain/arm/arm-gnu-toolchain/bin/../lib/gcc/arm-none-eabi/6.3.1/../../../../arm-none-eabi/lib/thumb/v7e-m\libc.a(lib_a-__atexit.o)
 .ARM.attributes
                0x0000087d       0x2e d:/program files (x86)/7.0/toolchain/arm/arm-gnu-toolchain/bin/../lib/gcc/arm-none-eabi/6.3.1/../../../../arm-none-eabi/lib/thumb/v7e-m\libc.a(lib_a-callocr.o)
 .ARM.attributes
                0x000008ab       0x2e d:/program files (x86)/7.0/toolchain/arm/arm-gnu-toolchain/bin/../lib/gcc/arm-none-eabi/6.3.1/../../../../arm-none-eabi/lib/thumb/v7e-m\libc.a(lib_a-ctype_.o)
 .ARM.attributes
                0x000008d9       0x2e d:/program files (x86)/7.0/toolchain/arm/arm-gnu-toolchain/bin/../lib/gcc/arm-none-eabi/6.3.1/../../../../arm-none-eabi/lib/thumb/v7e-m\libc.a(lib_a-fclose.o)
 .ARM.attributes
                0x00000907       0x2e d:/program files (x86)/7.0/toolchain/arm/arm-gnu-toolchain/bin/../lib/gcc/arm-none-eabi/6.3.1/../../../../arm-none-eabi/lib/thumb/v7e-m\libc.a(lib_a-isattyr.o)
 .ARM.attributes
                0x00000935       0x1e d:/program files (x86)/7.0/toolchain/arm/arm-gnu-toolchain/bin/../lib/gcc/arm-none-eabi/6.3.1/thumb/v7e-m\libgcc.a(_arm_addsubdf3.o)
 .ARM.attributes
                0x00000953       0x1e d:/program files (x86)/7.0/toolchain/arm/arm-gnu-toolchain/bin/../lib/gcc/arm-none-eabi/6.3.1/thumb/v7e-m\libgcc.a(_arm_muldivdf3.o)
 .ARM.attributes
                0x00000971       0x1e d:/program files (x86)/7.0/toolchain/arm/arm-gnu-toolchain/bin/../lib/gcc/arm-none-eabi/6.3.1/thumb/v7e-m\libgcc.a(_arm_cmpdf2.o)
 .ARM.attributes
                0x0000098f       0x1e d:/program files (x86)/7.0/toolchain/arm/arm-gnu-toolchain/bin/../lib/gcc/arm-none-eabi/6.3.1/thumb/v7e-m\libgcc.a(_arm_unorddf2.o)
 .ARM.attributes
                0x000009ad       0x1e d:/program files (x86)/7.0/toolchain/arm/arm-gnu-toolchain/bin/../lib/gcc/arm-none-eabi/6.3.1/thumb/v7e-m\libgcc.a(_arm_fixdfsi.o)
 .ARM.attributes
                0x000009cb       0x1e d:/program files (x86)/7.0/toolchain/arm/arm-gnu-toolchain/bin/../lib/gcc/arm-none-eabi/6.3.1/thumb/v7e-m\libgcc.a(_aeabi_uldivmod.o)
 .ARM.attributes
                0x000009e9       0x2e d:/program files (x86)/7.0/toolchain/arm/arm-gnu-toolchain/bin/../lib/gcc/arm-none-eabi/6.3.1/thumb/v7e-m\libgcc.a(_udivmoddi4.o)
 .ARM.attributes
                0x00000a17       0x1e d:/program files (x86)/7.0/toolchain/arm/arm-gnu-toolchain/bin/../lib/gcc/arm-none-eabi/6.3.1/thumb/v7e-m\libgcc.a(_dvmd_tls.o)
 .ARM.attributes
                0x00000a35       0x1e d:/program files (x86)/7.0/toolchain/arm/arm-gnu-toolchain/bin/../lib/gcc/arm-none-eabi/6.3.1/thumb/v7e-m/crtn.o

.comment        0x00000000       0x59
 .comment       0x00000000       0x59 board_cortex7_init.o
                                 0x5a (size before relaxing)
 .comment       0x00000059       0x5a Common/syscalls.o
 .comment       0x00000059       0x5a dbgu.o
 .comment       0x00000059       0x5a Device_Startup/startup_same70q21.o
 .comment       0x00000059       0x5a Device_Startup/system_same70q21.o
 .comment       0x00000059       0x5a main.o
 .comment       0x00000059       0x5a mpu.o

.debug_info     0x00000000     0x9a6e
 .debug_info    0x00000000     0x2f3e board_cortex7_init.o
 .debug_info    0x00002f3e     0x1109 Common/syscalls.o
 .debug_info    0x00004047     0x1754 dbgu.o
 .debug_info    0x0000579b     0x219e Device_Startup/startup_same70q21.o
 .debug_info    0x00007939       0xf8 Device_Startup/system_same70q21.o
 .debug_info    0x00007a31     0x1cc2 main.o
 .debug_info    0x000096f3      0x37b mpu.o

.debug_abbrev   0x00000000     0x104f
 .debug_abbrev  0x00000000      0x3b6 board_cortex7_init.o
 .debug_abbrev  0x000003b6      0x24d Common/syscalls.o
 .debug_abbrev  0x00000603      0x2c9 dbgu.o
 .debug_abbrev  0x000008cc      0x292 Device_Startup/startup_same70q21.o
 .debug_abbrev  0x00000b5e       0x7d Device_Startup/system_same70q21.o
 .debug_abbrev  0x00000bdb      0x34c main.o
 .debug_abbrev  0x00000f27      0x128 mpu.o

.debug_loc      0x00000000     0x27d4
 .debug_loc     0x00000000      0xeac board_cortex7_init.o
 .debug_loc     0x00000eac      0x4ec Common/syscalls.o
 .debug_loc     0x00001398      0xbe0 dbgu.o
 .debug_loc     0x00001f78      0x214 Device_Startup/startup_same70q21.o
 .debug_loc     0x0000218c       0x88 Device_Startup/system_same70q21.o
 .debug_loc     0x00002214      0x390 main.o
 .debug_loc     0x000025a4      0x230 mpu.o

.debug_aranges  0x00000000      0x4a0
 .debug_aranges
                0x00000000      0x198 board_cortex7_init.o
 .debug_aranges
                0x00000198       0x90 Common/syscalls.o
 .debug_aranges
                0x00000228      0x130 dbgu.o
 .debug_aranges
                0x00000358       0x58 Device_Startup/startup_same70q21.o
 .debug_aranges
                0x000003b0       0x28 Device_Startup/system_same70q21.o
 .debug_aranges
                0x000003d8       0x78 main.o
 .debug_aranges
                0x00000450       0x50 mpu.o

.debug_ranges   0x00000000      0x448
 .debug_ranges  0x00000000      0x188 board_cortex7_init.o
 .debug_ranges  0x00000188       0x80 Common/syscalls.o
 .debug_ranges  0x00000208      0x138 dbgu.o
 .debug_ranges  0x00000340       0x48 Device_Startup/startup_same70q21.o
 .debug_ranges  0x00000388       0x18 Device_Startup/system_same70q21.o
 .debug_ranges  0x000003a0       0x68 main.o
 .debug_ranges  0x00000408       0x40 mpu.o

.debug_macro    0x00000000    0x34df8
 .debug_macro   0x00000000      0x669 board_cortex7_init.o
 .debug_macro   0x00000669      0x8b0 board_cortex7_init.o
 .debug_macro   0x00000f19       0x22 board_cortex7_init.o
 .debug_macro   0x00000f3b       0x87 board_cortex7_init.o
 .debug_macro   0x00000fc2       0x51 board_cortex7_init.o
 .debug_macro   0x00001013       0xef board_cortex7_init.o
 .debug_macro   0x00001102       0x6a board_cortex7_init.o
 .debug_macro   0x0000116c      0x1df board_cortex7_init.o
 .debug_macro   0x0000134b       0x76 board_cortex7_init.o
 .debug_macro   0x000013c1       0x3b board_cortex7_init.o
 .debug_macro   0x000013fc       0x2d board_cortex7_init.o
 .debug_macro   0x00001429       0x26 board_cortex7_init.o
 .debug_macro   0x0000144f      0xf9a board_cortex7_init.o
 .debug_macro   0x000023e9      0x3de board_cortex7_init.o
 .debug_macro   0x000027c7      0x58e board_cortex7_init.o
 .debug_macro   0x00002d55     0x173f board_cortex7_init.o
 .debug_macro   0x00004494      0x3b7 board_cortex7_init.o
 .debug_macro   0x0000484b      0x817 board_cortex7_init.o
 .debug_macro   0x00005062      0x312 board_cortex7_init.o
 .debug_macro   0x00005374     0x3440 board_cortex7_init.o
 .debug_macro   0x000087b4       0x40 board_cortex7_init.o
 .debug_macro   0x000087f4     0x105a board_cortex7_init.o
 .debug_macro   0x0000984e      0x551 board_cortex7_init.o
 .debug_macro   0x00009d9f      0xb7d board_cortex7_init.o
 .debug_macro   0x0000a91c      0x500 board_cortex7_init.o
 .debug_macro   0x0000ae1c     0x3197 board_cortex7_init.o
 .debug_macro   0x0000dfb3     0x83fb board_cortex7_init.o
 .debug_macro   0x000163ae     0x2e57 board_cortex7_init.o
 .debug_macro   0x00019205     0x23ec board_cortex7_init.o
 .debug_macro   0x0001b5f1      0x87b board_cortex7_init.o
 .debug_macro   0x0001be6c      0x17d board_cortex7_init.o
 .debug_macro   0x0001bfe9      0x118 board_cortex7_init.o
 .debug_macro   0x0001c101      0x952 board_cortex7_init.o
 .debug_macro   0x0001ca53      0x121 board_cortex7_init.o
 .debug_macro   0x0001cb74      0x500 board_cortex7_init.o
 .debug_macro   0x0001d074      0x3e0 board_cortex7_init.o
 .debug_macro   0x0001d454      0x69a board_cortex7_init.o
 .debug_macro   0x0001daee      0xb0f board_cortex7_init.o
 .debug_macro   0x0001e5fd      0xeea board_cortex7_init.o
 .debug_macro   0x0001f4e7      0xbaf board_cortex7_init.o
 .debug_macro   0x00020096      0x124 board_cortex7_init.o
 .debug_macro   0x000201ba      0xbd3 board_cortex7_init.o
 .debug_macro   0x00020d8d      0x5c1 board_cortex7_init.o
 .debug_macro   0x0002134e     0x1204 board_cortex7_init.o
 .debug_macro   0x00022552     0x34e5 board_cortex7_init.o
 .debug_macro   0x00025a37       0xb2 board_cortex7_init.o
 .debug_macro   0x00025ae9      0x12d board_cortex7_init.o
 .debug_macro   0x00025c16     0x2783 board_cortex7_init.o
 .debug_macro   0x00028399       0x46 board_cortex7_init.o
 .debug_macro   0x000283df      0x144 board_cortex7_init.o
 .debug_macro   0x00028523       0xc4 board_cortex7_init.o
 .debug_macro   0x000285e7       0xc4 board_cortex7_init.o
 .debug_macro   0x000286ab       0x16 board_cortex7_init.o
 .debug_macro   0x000286c1       0x76 board_cortex7_init.o
 .debug_macro   0x00028737       0x40 board_cortex7_init.o
 .debug_macro   0x00028777      0x56d board_cortex7_init.o
 .debug_macro   0x00028ce4       0x40 board_cortex7_init.o
 .debug_macro   0x00028d24      0x7c7 board_cortex7_init.o
 .debug_macro   0x000294eb       0x82 board_cortex7_init.o
 .debug_macro   0x0002956d       0xa6 board_cortex7_init.o
 .debug_macro   0x00029613      0x127 board_cortex7_init.o
 .debug_macro   0x0002973a      0x119 board_cortex7_init.o
 .debug_macro   0x00029853      0x119 board_cortex7_init.o
 .debug_macro   0x0002996c      0x17d board_cortex7_init.o
 .debug_macro   0x00029ae9      0x176 board_cortex7_init.o
 .debug_macro   0x00029c5f      0x176 board_cortex7_init.o
 .debug_macro   0x00029dd5      0x176 board_cortex7_init.o
 .debug_macro   0x00029f4b      0x176 board_cortex7_init.o
 .debug_macro   0x0002a0c1      0x11f board_cortex7_init.o
 .debug_macro   0x0002a1e0      0x313 board_cortex7_init.o
 .debug_macro   0x0002a4f3      0x313 board_cortex7_init.o
 .debug_macro   0x0002a806       0x7c board_cortex7_init.o
 .debug_macro   0x0002a882       0x22 board_cortex7_init.o
 .debug_macro   0x0002a8a4       0x22 board_cortex7_init.o
 .debug_macro   0x0002a8c6       0x5e board_cortex7_init.o
 .debug_macro   0x0002a924       0x28 board_cortex7_init.o
 .debug_macro   0x0002a94c       0x5e board_cortex7_init.o
 .debug_macro   0x0002a9aa       0x8e board_cortex7_init.o
 .debug_macro   0x0002aa38       0x76 board_cortex7_init.o
 .debug_macro   0x0002aaae       0x76 board_cortex7_init.o
 .debug_macro   0x0002ab24       0x88 board_cortex7_init.o
 .debug_macro   0x0002abac       0x34 board_cortex7_init.o
 .debug_macro   0x0002abe0      0x143 board_cortex7_init.o
 .debug_macro   0x0002ad23      0x143 board_cortex7_init.o
 .debug_macro   0x0002ae66      0x143 board_cortex7_init.o
 .debug_macro   0x0002afa9      0x143 board_cortex7_init.o
 .debug_macro   0x0002b0ec       0x34 board_cortex7_init.o
 .debug_macro   0x0002b120       0x7c board_cortex7_init.o
 .debug_macro   0x0002b19c       0x7c board_cortex7_init.o
 .debug_macro   0x0002b218       0x7c board_cortex7_init.o
 .debug_macro   0x0002b294       0x5e board_cortex7_init.o
 .debug_macro   0x0002b2f2       0x5e board_cortex7_init.o
 .debug_macro   0x0002b350       0x5e board_cortex7_init.o
 .debug_macro   0x0002b3ae       0x5e board_cortex7_init.o
 .debug_macro   0x0002b40c       0x5e board_cortex7_init.o
 .debug_macro   0x0002b46a       0xd6 board_cortex7_init.o
 .debug_macro   0x0002b540       0xd6 board_cortex7_init.o
 .debug_macro   0x0002b616       0xd6 board_cortex7_init.o
 .debug_macro   0x0002b6ec      0x718 board_cortex7_init.o
 .debug_macro   0x0002be04       0x16 board_cortex7_init.o
 .debug_macro   0x0002be1a       0x22 board_cortex7_init.o
 .debug_macro   0x0002be3c      0x9b8 board_cortex7_init.o
 .debug_macro   0x0002c7f4      0x559 board_cortex7_init.o
 .debug_macro   0x0002cd4d     0x3a74 board_cortex7_init.o
 .debug_macro   0x000307c1      0x15b board_cortex7_init.o
 .debug_macro   0x0003091c       0x46 board_cortex7_init.o
 .debug_macro   0x00030962       0x16 board_cortex7_init.o
 .debug_macro   0x00030978       0x52 board_cortex7_init.o
 .debug_macro   0x000309ca       0x3d board_cortex7_init.o
 .debug_macro   0x00030a07       0x58 board_cortex7_init.o
 .debug_macro   0x00030a5f       0x35 board_cortex7_init.o
 .debug_macro   0x00030a94       0x9c board_cortex7_init.o
 .debug_macro   0x00030b30       0x16 board_cortex7_init.o
 .debug_macro   0x00030b46       0x97 board_cortex7_init.o
 .debug_macro   0x00030bdd      0x353 board_cortex7_init.o
 .debug_macro   0x00030f30       0xf6 board_cortex7_init.o
 .debug_macro   0x00031026       0x10 board_cortex7_init.o
 .debug_macro   0x00031036       0x58 board_cortex7_init.o
 .debug_macro   0x0003108e       0x1f board_cortex7_init.o
 .debug_macro   0x000310ad       0x43 board_cortex7_init.o
 .debug_macro   0x000310f0       0x20 board_cortex7_init.o
 .debug_macro   0x00031110      0x187 board_cortex7_init.o
 .debug_macro   0x00031297       0x10 board_cortex7_init.o
 .debug_macro   0x000312a7       0x1c board_cortex7_init.o
 .debug_macro   0x000312c3       0x52 board_cortex7_init.o
 .debug_macro   0x00031315       0x40 board_cortex7_init.o
 .debug_macro   0x00031355       0x10 board_cortex7_init.o
 .debug_macro   0x00031365       0x40 board_cortex7_init.o
 .debug_macro   0x000313a5       0xd7 board_cortex7_init.o
 .debug_macro   0x0003147c       0x16 board_cortex7_init.o
 .debug_macro   0x00031492      0x18b board_cortex7_init.o
 .debug_macro   0x0003161d       0x22 board_cortex7_init.o
 .debug_macro   0x0003163f      0xa70 board_cortex7_init.o
 .debug_macro   0x000320af       0x16 board_cortex7_init.o
 .debug_macro   0x000320c5       0x35 board_cortex7_init.o
 .debug_macro   0x000320fa       0x16 board_cortex7_init.o
 .debug_macro   0x00032110       0x29 board_cortex7_init.o
 .debug_macro   0x00032139       0x16 board_cortex7_init.o
 .debug_macro   0x0003214f      0x683 Common/syscalls.o
 .debug_macro   0x000327d2      0x10e Common/syscalls.o
 .debug_macro   0x000328e0       0x86 Common/syscalls.o
 .debug_macro   0x00032966       0x16 Common/syscalls.o
 .debug_macro   0x0003297c       0x16 Common/syscalls.o
 .debug_macro   0x00032992       0x10 Common/syscalls.o
 .debug_macro   0x000329a2       0x10 Common/syscalls.o
 .debug_macro   0x000329b2       0x35 Common/syscalls.o
 .debug_macro   0x000329e7      0x122 Common/syscalls.o
 .debug_macro   0x00032b09       0x10 Common/syscalls.o
 .debug_macro   0x00032b19      0x241 Common/syscalls.o
 .debug_macro   0x00032d5a       0x7c Common/syscalls.o
 .debug_macro   0x00032dd6       0x46 Common/syscalls.o
 .debug_macro   0x00032e1c       0x1c Common/syscalls.o
 .debug_macro   0x00032e38       0x10 Common/syscalls.o
 .debug_macro   0x00032e48      0x669 dbgu.o
 .debug_macro   0x000334b1       0x16 dbgu.o
 .debug_macro   0x000334c7       0xee dbgu.o
 .debug_macro   0x000335b5       0x40 dbgu.o
 .debug_macro   0x000335f5      0x692 Device_Startup/startup_same70q21.o
 .debug_macro   0x00033c87      0x43f Device_Startup/system_same70q21.o
 .debug_macro   0x000340c6      0x671 main.o
 .debug_macro   0x00034737      0x204 main.o
 .debug_macro   0x0003493b       0x1c main.o
 .debug_macro   0x00034957      0x4a1 mpu.o

.debug_line     0x00000000     0x4cc3
 .debug_line    0x00000000     0x1010 board_cortex7_init.o
 .debug_line    0x00001010      0xa91 Common/syscalls.o
 .debug_line    0x00001aa1      0xc64 dbgu.o
 .debug_line    0x00002705      0xae1 Device_Startup/startup_same70q21.o
 .debug_line    0x000031e6      0x784 Device_Startup/system_same70q21.o
 .debug_line    0x0000396a      0xb4e main.o
 .debug_line    0x000044b8      0x80b mpu.o

.debug_str      0x00000000   0x119767
 .debug_str     0x00000000   0x116055 board_cortex7_init.o
                             0x1169bb (size before relaxing)
 .debug_str     0x00116055      0xcf4 Common/syscalls.o
                             0x116813 (size before relaxing)
 .debug_str     0x00116d49      0xb6f dbgu.o
                             0x11680e (size before relaxing)
 .debug_str     0x001178b8      0x9bb Device_Startup/startup_same70q21.o
                             0x116b3b (size before relaxing)
 .debug_str     0x00118273       0x6f Device_Startup/system_same70q21.o
                             0x10ecfc (size before relaxing)
 .debug_str     0x001182e2     0x117d main.o
                             0x117348 (size before relaxing)
 .debug_str     0x0011945f      0x308 mpu.o
                             0x10ffa0 (size before relaxing)

.debug_frame    0x00000000     0x2564
 .debug_frame   0x00000000      0x6e0 board_cortex7_init.o
 .debug_frame   0x000006e0      0x240 Common/syscalls.o
 .debug_frame   0x00000920      0x558 dbgu.o
 .debug_frame   0x00000e78      0x11c Device_Startup/startup_same70q21.o
 .debug_frame   0x00000f94       0x50 Device_Startup/system_same70q21.o
 .debug_frame   0x00000fe4      0x1bc main.o
 .debug_frame   0x000011a0      0x110 mpu.o
 .debug_frame   0x000012b0       0x2c d:/program files (x86)/7.0/toolchain/arm/arm-gnu-toolchain/bin/../lib/gcc/arm-none-eabi/6.3.1/../../../../arm-none-eabi/lib/thumb/v7e-m\libc.a(lib_a-init.o)
 .debug_frame   0x000012dc       0x34 d:/program files (x86)/7.0/toolchain/arm/arm-gnu-toolchain/bin/../lib/gcc/arm-none-eabi/6.3.1/../../../../arm-none-eabi/lib/thumb/v7e-m\libc.a(lib_a-memset.o)
 .debug_frame   0x00001310       0x74 d:/program files (x86)/7.0/toolchain/arm/arm-gnu-toolchain/bin/../lib/gcc/arm-none-eabi/6.3.1/../../../../arm-none-eabi/lib/thumb/v7e-m\libc.a(lib_a-printf.o)
 .debug_frame   0x00001384       0x58 d:/program files (x86)/7.0/toolchain/arm/arm-gnu-toolchain/bin/../lib/gcc/arm-none-eabi/6.3.1/../../../../arm-none-eabi/lib/thumb/v7e-m\libc.a(lib_a-reent.o)
 .debug_frame   0x000013dc       0x84 d:/program files (x86)/7.0/toolchain/arm/arm-gnu-toolchain/bin/../lib/gcc/arm-none-eabi/6.3.1/../../../../arm-none-eabi/lib/thumb/v7e-m\libc.a(lib_a-sprintf.o)
 .debug_frame   0x00001460       0x40 d:/program files (x86)/7.0/toolchain/arm/arm-gnu-toolchain/bin/../lib/gcc/arm-none-eabi/6.3.1/../../../../arm-none-eabi/lib/thumb/v7e-m\libc.a(lib_a-svfprintf.o)
 .debug_frame   0x000014a0       0xd8 d:/program files (x86)/7.0/toolchain/arm/arm-gnu-toolchain/bin/../lib/gcc/arm-none-eabi/6.3.1/../../../../arm-none-eabi/lib/thumb/v7e-m\libc.a(lib_a-vfiprintf.o)
 .debug_frame   0x00001578       0x94 d:/program files (x86)/7.0/toolchain/arm/arm-gnu-toolchain/bin/../lib/gcc/arm-none-eabi/6.3.1/../../../../arm-none-eabi/lib/thumb/v7e-m\libc.a(lib_a-vfprintf.o)
 .debug_frame   0x0000160c       0x2c d:/program files (x86)/7.0/toolchain/arm/arm-gnu-toolchain/bin/../lib/gcc/arm-none-eabi/6.3.1/../../../../arm-none-eabi/lib/thumb/v7e-m\libc.a(lib_a-wsetup.o)
 .debug_frame   0x00001638       0x5c d:/program files (x86)/7.0/toolchain/arm/arm-gnu-toolchain/bin/../lib/gcc/arm-none-eabi/6.3.1/../../../../arm-none-eabi/lib/thumb/v7e-m\libc.a(lib_a-__call_atexit.o)
 .debug_frame   0x00001694       0x20 d:/program files (x86)/7.0/toolchain/arm/arm-gnu-toolchain/bin/../lib/gcc/arm-none-eabi/6.3.1/../../../../arm-none-eabi/lib/thumb/v7e-m\libc.a(lib_a-atexit.o)
 .debug_frame   0x000016b4       0x88 d:/program files (x86)/7.0/toolchain/arm/arm-gnu-toolchain/bin/../lib/gcc/arm-none-eabi/6.3.1/../../../../arm-none-eabi/lib/thumb/v7e-m\libc.a(lib_a-dtoa.o)
 .debug_frame   0x0000173c       0x5c d:/program files (x86)/7.0/toolchain/arm/arm-gnu-toolchain/bin/../lib/gcc/arm-none-eabi/6.3.1/../../../../arm-none-eabi/lib/thumb/v7e-m\libc.a(lib_a-fflush.o)
 .debug_frame   0x00001798      0x148 d:/program files (x86)/7.0/toolchain/arm/arm-gnu-toolchain/bin/../lib/gcc/arm-none-eabi/6.3.1/../../../../arm-none-eabi/lib/thumb/v7e-m\libc.a(lib_a-findfp.o)
 .debug_frame   0x000018e0       0x34 d:/program files (x86)/7.0/toolchain/arm/arm-gnu-toolchain/bin/../lib/gcc/arm-none-eabi/6.3.1/../../../../arm-none-eabi/lib/thumb/v7e-m\libc.a(lib_a-fini.o)
 .debug_frame   0x00001914       0x94 d:/program files (x86)/7.0/toolchain/arm/arm-gnu-toolchain/bin/../lib/gcc/arm-none-eabi/6.3.1/../../../../arm-none-eabi/lib/thumb/v7e-m\libc.a(lib_a-fputwc.o)
 .debug_frame   0x000019a8       0x74 d:/program files (x86)/7.0/toolchain/arm/arm-gnu-toolchain/bin/../lib/gcc/arm-none-eabi/6.3.1/../../../../arm-none-eabi/lib/thumb/v7e-m\libc.a(lib_a-freer.o)
 .debug_frame   0x00001a1c       0x68 d:/program files (x86)/7.0/toolchain/arm/arm-gnu-toolchain/bin/../lib/gcc/arm-none-eabi/6.3.1/../../../../arm-none-eabi/lib/thumb/v7e-m\libc.a(lib_a-fvwrite.o)
 .debug_frame   0x00001a84       0x54 d:/program files (x86)/7.0/toolchain/arm/arm-gnu-toolchain/bin/../lib/gcc/arm-none-eabi/6.3.1/../../../../arm-none-eabi/lib/thumb/v7e-m\libc.a(lib_a-fwalk.o)
 .debug_frame   0x00001ad8       0x6c d:/program files (x86)/7.0/toolchain/arm/arm-gnu-toolchain/bin/../lib/gcc/arm-none-eabi/6.3.1/../../../../arm-none-eabi/lib/thumb/v7e-m\libc.a(lib_a-locale.o)
 .debug_frame   0x00001b44       0x40 d:/program files (x86)/7.0/toolchain/arm/arm-gnu-toolchain/bin/../lib/gcc/arm-none-eabi/6.3.1/../../../../arm-none-eabi/lib/thumb/v7e-m\libc.a(lib_a-localeconv.o)
 .debug_frame   0x00001b84       0xb0 d:/program files (x86)/7.0/toolchain/arm/arm-gnu-toolchain/bin/../lib/gcc/arm-none-eabi/6.3.1/../../../../arm-none-eabi/lib/thumb/v7e-m\libc.a(lib_a-lock.o)
 .debug_frame   0x00001c34       0x68 d:/program files (x86)/7.0/toolchain/arm/arm-gnu-toolchain/bin/../lib/gcc/arm-none-eabi/6.3.1/../../../../arm-none-eabi/lib/thumb/v7e-m\libc.a(lib_a-makebuf.o)
 .debug_frame   0x00001c9c       0x58 d:/program files (x86)/7.0/toolchain/arm/arm-gnu-toolchain/bin/../lib/gcc/arm-none-eabi/6.3.1/../../../../arm-none-eabi/lib/thumb/v7e-m\libc.a(lib_a-mallocr.o)
 .debug_frame   0x00001cf4       0x4c d:/program files (x86)/7.0/toolchain/arm/arm-gnu-toolchain/bin/../lib/gcc/arm-none-eabi/6.3.1/../../../../arm-none-eabi/lib/thumb/v7e-m\libc.a(lib_a-mbtowc_r.o)
 .debug_frame   0x00001d40       0x30 d:/program files (x86)/7.0/toolchain/arm/arm-gnu-toolchain/bin/../lib/gcc/arm-none-eabi/6.3.1/../../../../arm-none-eabi/lib/thumb/v7e-m\libc.a(lib_a-memmove.o)
 .debug_frame   0x00001d70       0x30 d:/program files (x86)/7.0/toolchain/arm/arm-gnu-toolchain/bin/../lib/gcc/arm-none-eabi/6.3.1/../../../../arm-none-eabi/lib/thumb/v7e-m\libc.a(lib_a-mlock.o)
 .debug_frame   0x00001da0      0x25c d:/program files (x86)/7.0/toolchain/arm/arm-gnu-toolchain/bin/../lib/gcc/arm-none-eabi/6.3.1/../../../../arm-none-eabi/lib/thumb/v7e-m\libc.a(lib_a-mprec.o)
 .debug_frame   0x00001ffc       0x68 d:/program files (x86)/7.0/toolchain/arm/arm-gnu-toolchain/bin/../lib/gcc/arm-none-eabi/6.3.1/../../../../arm-none-eabi/lib/thumb/v7e-m\libc.a(lib_a-reallocr.o)
 .debug_frame   0x00002064       0x88 d:/program files (x86)/7.0/toolchain/arm/arm-gnu-toolchain/bin/../lib/gcc/arm-none-eabi/6.3.1/../../../../arm-none-eabi/lib/thumb/v7e-m\libc.a(lib_a-stdio.o)
 .debug_frame   0x000020ec       0x78 d:/program files (x86)/7.0/toolchain/arm/arm-gnu-toolchain/bin/../lib/gcc/arm-none-eabi/6.3.1/../../../../arm-none-eabi/lib/thumb/v7e-m\libc.a(lib_a-svfiprintf.o)
 .debug_frame   0x00002164       0x40 d:/program files (x86)/7.0/toolchain/arm/arm-gnu-toolchain/bin/../lib/gcc/arm-none-eabi/6.3.1/../../../../arm-none-eabi/lib/thumb/v7e-m\libc.a(lib_a-wbuf.o)
 .debug_frame   0x000021a4       0x5c d:/program files (x86)/7.0/toolchain/arm/arm-gnu-toolchain/bin/../lib/gcc/arm-none-eabi/6.3.1/../../../../arm-none-eabi/lib/thumb/v7e-m\libc.a(lib_a-wcrtomb.o)
 .debug_frame   0x00002200       0x3c d:/program files (x86)/7.0/toolchain/arm/arm-gnu-toolchain/bin/../lib/gcc/arm-none-eabi/6.3.1/../../../../arm-none-eabi/lib/thumb/v7e-m\libc.a(lib_a-wctomb_r.o)
 .debug_frame   0x0000223c       0x34 d:/program files (x86)/7.0/toolchain/arm/arm-gnu-toolchain/bin/../lib/gcc/arm-none-eabi/6.3.1/../../../../arm-none-eabi/lib/thumb/v7e-m\libc.a(lib_a-__atexit.o)
 .debug_frame   0x00002270       0x28 d:/program files (x86)/7.0/toolchain/arm/arm-gnu-toolchain/bin/../lib/gcc/arm-none-eabi/6.3.1/../../../../arm-none-eabi/lib/thumb/v7e-m\libc.a(lib_a-callocr.o)
 .debug_frame   0x00002298       0x3c d:/program files (x86)/7.0/toolchain/arm/arm-gnu-toolchain/bin/../lib/gcc/arm-none-eabi/6.3.1/../../../../arm-none-eabi/lib/thumb/v7e-m\libc.a(lib_a-fclose.o)
 .debug_frame   0x000022d4       0x2c d:/program files (x86)/7.0/toolchain/arm/arm-gnu-toolchain/bin/../lib/gcc/arm-none-eabi/6.3.1/../../../../arm-none-eabi/lib/thumb/v7e-m\libc.a(lib_a-isattyr.o)
 .debug_frame   0x00002300       0xac d:/program files (x86)/7.0/toolchain/arm/arm-gnu-toolchain/bin/../lib/gcc/arm-none-eabi/6.3.1/thumb/v7e-m\libgcc.a(_arm_addsubdf3.o)
 .debug_frame   0x000023ac       0x50 d:/program files (x86)/7.0/toolchain/arm/arm-gnu-toolchain/bin/../lib/gcc/arm-none-eabi/6.3.1/thumb/v7e-m\libgcc.a(_arm_muldivdf3.o)
 .debug_frame   0x000023fc       0xc4 d:/program files (x86)/7.0/toolchain/arm/arm-gnu-toolchain/bin/../lib/gcc/arm-none-eabi/6.3.1/thumb/v7e-m\libgcc.a(_arm_cmpdf2.o)
 .debug_frame   0x000024c0       0x20 d:/program files (x86)/7.0/toolchain/arm/arm-gnu-toolchain/bin/../lib/gcc/arm-none-eabi/6.3.1/thumb/v7e-m\libgcc.a(_arm_unorddf2.o)
 .debug_frame   0x000024e0       0x24 d:/program files (x86)/7.0/toolchain/arm/arm-gnu-toolchain/bin/../lib/gcc/arm-none-eabi/6.3.1/thumb/v7e-m\libgcc.a(_arm_fixdfsi.o)
 .debug_frame   0x00002504       0x2c d:/program files (x86)/7.0/toolchain/arm/arm-gnu-toolchain/bin/../lib/gcc/arm-none-eabi/6.3.1/thumb/v7e-m\libgcc.a(_aeabi_uldivmod.o)
 .debug_frame   0x00002530       0x34 d:/program files (x86)/7.0/toolchain/arm/arm-gnu-toolchain/bin/../lib/gcc/arm-none-eabi/6.3.1/thumb/v7e-m\libgcc.a(_udivmoddi4.o)
